13-Feb-2026 11:27:32.407 INFO [main] org.apache.catalina.startup.VersionLoggerListener.log Server version name:   Apache Tomcat/10.1.18
13-Feb-2026 11:27:32.411 INFO [main] org.apache.catalina.startup.VersionLoggerListener.log Server built:          Jan 5 2024 14:39:40 UTC
13-Feb-2026 11:27:32.412 INFO [main] org.apache.catalina.startup.VersionLoggerListener.log Server version number: 10.1.18.0
13-Feb-2026 11:27:32.412 INFO [main] org.apache.catalina.startup.VersionLoggerListener.log OS Name:               Linux
13-Feb-2026 11:27:32.413 INFO [main] org.apache.catalina.startup.VersionLoggerListener.log OS Version:            6.8.0-1030-azure
13-Feb-2026 11:27:32.414 INFO [main] org.apache.catalina.startup.VersionLoggerListener.log Architecture:          amd64
13-Feb-2026 11:27:32.414 INFO [main] org.apache.catalina.startup.VersionLoggerListener.log Java Home:             /usr/local/sdkman/candidates/java/25.0.1-ms
13-Feb-2026 11:27:32.414 INFO [main] org.apache.catalina.startup.VersionLoggerListener.log JVM Version:           25.0.1+8-LTS
13-Feb-2026 11:27:32.415 INFO [main] org.apache.catalina.startup.VersionLoggerListener.log JVM Vendor:            Microsoft
13-Feb-2026 11:27:32.416 INFO [main] org.apache.catalina.startup.VersionLoggerListener.log CATALINA_BASE:         /workspaces/Adv_JAVA-Assignment/apache-tomcat-10.1.18
13-Feb-2026 11:27:32.416 INFO [main] org.apache.catalina.startup.VersionLoggerListener.log CATALINA_HOME:         /workspaces/Adv_JAVA-Assignment/apache-tomcat-10.1.18
13-Feb-2026 11:27:32.474 INFO [main] org.apache.catalina.startup.VersionLoggerListener.log Command line argument: -Djava.util.logging.config.file=/workspaces/Adv_JAVA-Assignment/apache-tomcat-10.1.18/conf/logging.properties
13-Feb-2026 11:27:32.474 INFO [main] org.apache.catalina.startup.VersionLoggerListener.log Command line argument: -Djava.util.logging.manager=org.apache.juli.ClassLoaderLogManager
13-Feb-2026 11:27:32.474 INFO [main] org.apache.catalina.startup.VersionLoggerListener.log Command line argument: -Djdk.tls.ephemeralDHKeySize=2048
13-Feb-2026 11:27:32.475 INFO [main] org.apache.catalina.startup.VersionLoggerListener.log Command line argument: -Djava.protocol.handler.pkgs=org.apache.catalina.webresources
13-Feb-2026 11:27:32.475 INFO [main] org.apache.catalina.startup.VersionLoggerListener.log Command line argument: -Dorg.apache.catalina.security.SecurityListener.UMASK=0027
13-Feb-2026 11:27:32.475 INFO [main] org.apache.catalina.startup.VersionLoggerListener.log Command line argument: --add-opens=java.base/java.lang=ALL-UNNAMED
13-Feb-2026 11:27:32.475 INFO [main] org.apache.catalina.startup.VersionLoggerListener.log Command line argument: --add-opens=java.base/java.io=ALL-UNNAMED
13-Feb-2026 11:27:32.475 INFO [main] org.apache.catalina.startup.VersionLoggerListener.log Command line argument: --add-opens=java.base/java.util=ALL-UNNAMED
13-Feb-2026 11:27:32.480 INFO [main] org.apache.catalina.startup.VersionLoggerListener.log Command line argument: --add-opens=java.base/java.util.concurrent=ALL-UNNAMED
13-Feb-2026 11:27:32.480 INFO [main] org.apache.catalina.startup.VersionLoggerListener.log Command line argument: --add-opens=java.rmi/sun.rmi.transport=ALL-UNNAMED
13-Feb-2026 11:27:32.480 INFO [main] org.apache.catalina.startup.VersionLoggerListener.log Command line argument: -Dcatalina.base=/workspaces/Adv_JAVA-Assignment/apache-tomcat-10.1.18
13-Feb-2026 11:27:32.481 INFO [main] org.apache.catalina.startup.VersionLoggerListener.log Command line argument: -Dcatalina.home=/workspaces/Adv_JAVA-Assignment/apache-tomcat-10.1.18
13-Feb-2026 11:27:32.481 INFO [main] org.apache.catalina.startup.VersionLoggerListener.log Command line argument: -Djava.io.tmpdir=/workspaces/Adv_JAVA-Assignment/apache-tomcat-10.1.18/temp
WARNING: A restricted method in java.lang.System has been called
WARNING: java.lang.System::load has been called by org.apache.tomcat.jni.Library in an unnamed module (file:/workspaces/Adv_JAVA-Assignment/apache-tomcat-10.1.18/lib/tomcat-jni.jar)
WARNING: Use --enable-native-access=ALL-UNNAMED to avoid a warning for callers in this module
WARNING: Restricted methods will be blocked in a future release unless native access is enabled

13-Feb-2026 11:27:32.487 INFO [main] org.apache.catalina.core.AprLifecycleListener.lifecycleEvent The Apache Tomcat Native library which allows using OpenSSL was not found on the java.library.path: [/usr/java/packages/lib:/usr/lib64:/lib64:/lib:/usr/lib]
13-Feb-2026 11:27:33.173 INFO [main] org.apache.coyote.AbstractProtocol.init Initializing ProtocolHandler ["http-nio-8080"]
13-Feb-2026 11:27:33.199 INFO [main] org.apache.catalina.startup.Catalina.load Server initialization in [1098] milliseconds
13-Feb-2026 11:27:33.278 INFO [main] org.apache.catalina.core.StandardService.startInternal Starting service [Catalina]
13-Feb-2026 11:27:33.278 INFO [main] org.apache.catalina.core.StandardEngine.startInternal Starting Servlet engine: [Apache Tomcat/10.1.18]
13-Feb-2026 11:27:33.287 INFO [main] org.apache.catalina.startup.HostConfig.deployDirectory Deploying web application directory [/workspaces/Adv_JAVA-Assignment/apache-tomcat-10.1.18/webapps/docs]
13-Feb-2026 11:27:34.175 INFO [main] org.apache.catalina.startup.HostConfig.deployDirectory Deployment of web application directory [/workspaces/Adv_JAVA-Assignment/apache-tomcat-10.1.18/webapps/docs] has finished in [885] ms
13-Feb-2026 11:27:34.176 INFO [main] org.apache.catalina.startup.HostConfig.deployDirectory Deploying web application directory [/workspaces/Adv_JAVA-Assignment/apache-tomcat-10.1.18/webapps/examples]
13-Feb-2026 11:27:34.617 INFO [main] org.apache.catalina.startup.HostConfig.deployDirectory Deployment of web application directory [/workspaces/Adv_JAVA-Assignment/apache-tomcat-10.1.18/webapps/examples] has finished in [442] ms
13-Feb-2026 11:27:34.617 INFO [main] org.apache.catalina.startup.HostConfig.deployDirectory Deploying web application directory [/workspaces/Adv_JAVA-Assignment/apache-tomcat-10.1.18/webapps/manager]
13-Feb-2026 11:27:34.670 INFO [main] org.apache.catalina.startup.HostConfig.deployDirectory Deployment of web application directory [/workspaces/Adv_JAVA-Assignment/apache-tomcat-10.1.18/webapps/manager] has finished in [53] ms
13-Feb-2026 11:27:34.671 INFO [main] org.apache.catalina.startup.HostConfig.deployDirectory Deploying web application directory [/workspaces/Adv_JAVA-Assignment/apache-tomcat-10.1.18/webapps/host-manager]
13-Feb-2026 11:27:34.697 INFO [main] org.apache.catalina.startup.HostConfig.deployDirectory Deployment of web application directory [/workspaces/Adv_JAVA-Assignment/apache-tomcat-10.1.18/webapps/host-manager] has finished in [27] ms
13-Feb-2026 11:27:34.699 INFO [main] org.apache.catalina.startup.HostConfig.deployDirectory Deploying web application directory [/workspaces/Adv_JAVA-Assignment/apache-tomcat-10.1.18/webapps/BookApp]
13-Feb-2026 11:27:34.908 INFO [main] org.apache.jasper.servlet.TldScanner.scanJars At least one JAR was scanned for TLDs yet contained no TLDs. Enable debug logging for this logger for a complete list of JARs that were scanned but no TLDs were found in them. Skipping unneeded JARs during scanning can improve startup time and JSP compilation time.
13-Feb-2026 11:27:34.919 INFO [main] org.apache.catalina.startup.HostConfig.deployDirectory Deployment of web application directory [/workspaces/Adv_JAVA-Assignment/apache-tomcat-10.1.18/webapps/BookApp] has finished in [221] ms
13-Feb-2026 11:27:34.920 INFO [main] org.apache.catalina.startup.HostConfig.deployDirectory Deploying web application directory [/workspaces/Adv_JAVA-Assignment/apache-tomcat-10.1.18/webapps/ROOT]
13-Feb-2026 11:27:34.951 INFO [main] org.apache.catalina.startup.HostConfig.deployDirectory Deployment of web application directory [/workspaces/Adv_JAVA-Assignment/apache-tomcat-10.1.18/webapps/ROOT] has finished in [31] ms
13-Feb-2026 11:27:34.957 INFO [main] org.apache.coyote.AbstractProtocol.start Starting ProtocolHandler ["http-nio-8080"]
13-Feb-2026 11:27:34.971 INFO [main] org.apache.catalina.startup.Catalina.start Server startup in [1770] milliseconds
13-Feb-2026 11:45:19.315 INFO [main] org.apache.catalina.core.StandardServer.await A valid shutdown command was received via the shutdown port. Stopping the Server instance.
13-Feb-2026 11:45:19.316 INFO [main] org.apache.coyote.AbstractProtocol.pause Pausing ProtocolHandler ["http-nio-8080"]
13-Feb-2026 11:45:19.321 INFO [main] org.apache.catalina.core.StandardService.stopInternal Stopping service [Catalina]
13-Feb-2026 11:45:19.340 WARNING [main] org.apache.catalina.loader.WebappClassLoaderBase.clearReferencesJdbc The web application [BookApp] registered the JDBC driver [org.postgresql.Driver] but failed to unregister it when the web application was stopped. To prevent a memory leak, the JDBC Driver has been forcibly unregistered.
13-Feb-2026 11:45:19.355 INFO [main] org.apache.coyote.AbstractProtocol.stop Stopping ProtocolHandler ["http-nio-8080"]
13-Feb-2026 11:45:19.366 INFO [main] org.apache.coyote.AbstractProtocol.destroy Destroying ProtocolHandler ["http-nio-8080"]
13-Feb-2026 11:45:25.649 INFO [main] org.apache.catalina.startup.VersionLoggerListener.log Server version name:   Apache Tomcat/10.1.18
13-Feb-2026 11:45:25.654 INFO [main] org.apache.catalina.startup.VersionLoggerListener.log Server built:          Jan 5 2024 14:39:40 UTC
13-Feb-2026 11:45:25.655 INFO [main] org.apache.catalina.startup.VersionLoggerListener.log Server version number: 10.1.18.0
13-Feb-2026 11:45:25.655 INFO [main] org.apache.catalina.startup.VersionLoggerListener.log OS Name:               Linux
13-Feb-2026 11:45:25.657 INFO [main] org.apache.catalina.startup.VersionLoggerListener.log OS Version:            6.8.0-1030-azure
13-Feb-2026 11:45:25.658 INFO [main] org.apache.catalina.startup.VersionLoggerListener.log Architecture:          amd64
13-Feb-2026 11:45:25.658 INFO [main] org.apache.catalina.startup.VersionLoggerListener.log Java Home:             /usr/local/sdkman/candidates/java/25.0.1-ms
13-Feb-2026 11:45:25.658 INFO [main] org.apache.catalina.startup.VersionLoggerListener.log JVM Version:           25.0.1+8-LTS
13-Feb-2026 11:45:25.658 INFO [main] org.apache.catalina.startup.VersionLoggerListener.log JVM Vendor:            Microsoft
13-Feb-2026 11:45:25.658 INFO [main] org.apache.catalina.startup.VersionLoggerListener.log CATALINA_BASE:         /workspaces/Adv_JAVA-Assignment/apache-tomcat-10.1.18
13-Feb-2026 11:45:25.658 INFO [main] org.apache.catalina.startup.VersionLoggerListener.log CATALINA_HOME:         /workspaces/Adv_JAVA-Assignment/apache-tomcat-10.1.18
13-Feb-2026 11:45:25.670 INFO [main] org.apache.catalina.startup.VersionLoggerListener.log Command line argument: -Djava.util.logging.config.file=/workspaces/Adv_JAVA-Assignment/apache-tomcat-10.1.18/conf/logging.properties
13-Feb-2026 11:45:25.671 INFO [main] org.apache.catalina.startup.VersionLoggerListener.log Command line argument: -Djava.util.logging.manager=org.apache.juli.ClassLoaderLogManager
13-Feb-2026 11:45:25.671 INFO [main] org.apache.catalina.startup.VersionLoggerListener.log Command line argument: -Djdk.tls.ephemeralDHKeySize=2048
13-Feb-2026 11:45:25.671 INFO [main] org.apache.catalina.startup.VersionLoggerListener.log Command line argument: -Djava.protocol.handler.pkgs=org.apache.catalina.webresources
13-Feb-2026 11:45:25.671 INFO [main] org.apache.catalina.startup.VersionLoggerListener.log Command line argument: -Dorg.apache.catalina.security.SecurityListener.UMASK=0027
13-Feb-2026 11:45:25.671 INFO [main] org.apache.catalina.startup.VersionLoggerListener.log Command line argument: --add-opens=java.base/java.lang=ALL-UNNAMED
13-Feb-2026 11:45:25.671 INFO [main] org.apache.catalina.startup.VersionLoggerListener.log Command line argument: --add-opens=java.base/java.io=ALL-UNNAMED
13-Feb-2026 11:45:25.672 INFO [main] org.apache.catalina.startup.VersionLoggerListener.log Command line argument: --add-opens=java.base/java.util=ALL-UNNAMED
13-Feb-2026 11:45:25.672 INFO [main] org.apache.catalina.startup.VersionLoggerListener.log Command line argument: --add-opens=java.base/java.util.concurrent=ALL-UNNAMED
13-Feb-2026 11:45:25.672 INFO [main] org.apache.catalina.startup.VersionLoggerListener.log Command line argument: --add-opens=java.rmi/sun.rmi.transport=ALL-UNNAMED
13-Feb-2026 11:45:25.673 INFO [main] org.apache.catalina.startup.VersionLoggerListener.log Command line argument: -Dcatalina.base=/workspaces/Adv_JAVA-Assignment/apache-tomcat-10.1.18
13-Feb-2026 11:45:25.673 INFO [main] org.apache.catalina.startup.VersionLoggerListener.log Command line argument: -Dcatalina.home=/workspaces/Adv_JAVA-Assignment/apache-tomcat-10.1.18
13-Feb-2026 11:45:25.674 INFO [main] org.apache.catalina.startup.VersionLoggerListener.log Command line argument: -Djava.io.tmpdir=/workspaces/Adv_JAVA-Assignment/apache-tomcat-10.1.18/temp
WARNING: A restricted method in java.lang.System has been called
WARNING: java.lang.System::load has been called by org.apache.tomcat.jni.Library in an unnamed module (file:/workspaces/Adv_JAVA-Assignment/apache-tomcat-10.1.18/lib/tomcat-jni.jar)
WARNING: Use --enable-native-access=ALL-UNNAMED to avoid a warning for callers in this module
WARNING: Restricted methods will be blocked in a future release unless native access is enabled

13-Feb-2026 11:45:25.680 INFO [main] org.apache.catalina.core.AprLifecycleListener.lifecycleEvent The Apache Tomcat Native library which allows using OpenSSL was not found on the java.library.path: [/usr/java/packages/lib:/usr/lib64:/lib64:/lib:/usr/lib]
13-Feb-2026 11:45:26.142 INFO [main] org.apache.coyote.AbstractProtocol.init Initializing ProtocolHandler ["http-nio-8080"]
13-Feb-2026 11:45:26.176 INFO [main] org.apache.catalina.startup.Catalina.load Server initialization in [760] milliseconds
13-Feb-2026 11:45:26.218 INFO [main] org.apache.catalina.core.StandardService.startInternal Starting service [Catalina]
13-Feb-2026 11:45:26.219 INFO [main] org.apache.catalina.core.StandardEngine.startInternal Starting Servlet engine: [Apache Tomcat/10.1.18]
13-Feb-2026 11:45:26.228 INFO [main] org.apache.catalina.startup.HostConfig.deployDirectory Deploying web application directory [/workspaces/Adv_JAVA-Assignment/apache-tomcat-10.1.18/webapps/docs]
13-Feb-2026 11:45:26.604 INFO [main] org.apache.catalina.startup.HostConfig.deployDirectory Deployment of web application directory [/workspaces/Adv_JAVA-Assignment/apache-tomcat-10.1.18/webapps/docs] has finished in [373] ms
13-Feb-2026 11:45:26.605 INFO [main] org.apache.catalina.startup.HostConfig.deployDirectory Deploying web application directory [/workspaces/Adv_JAVA-Assignment/apache-tomcat-10.1.18/webapps/examples]
13-Feb-2026 11:45:26.894 INFO [main] org.apache.catalina.startup.HostConfig.deployDirectory Deployment of web application directory [/workspaces/Adv_JAVA-Assignment/apache-tomcat-10.1.18/webapps/examples] has finished in [289] ms
13-Feb-2026 11:45:26.895 INFO [main] org.apache.catalina.startup.HostConfig.deployDirectory Deploying web application directory [/workspaces/Adv_JAVA-Assignment/apache-tomcat-10.1.18/webapps/manager]
13-Feb-2026 11:45:26.933 INFO [main] org.apache.catalina.startup.HostConfig.deployDirectory Deployment of web application directory [/workspaces/Adv_JAVA-Assignment/apache-tomcat-10.1.18/webapps/manager] has finished in [38] ms
13-Feb-2026 11:45:26.934 INFO [main] org.apache.catalina.startup.HostConfig.deployDirectory Deploying web application directory [/workspaces/Adv_JAVA-Assignment/apache-tomcat-10.1.18/webapps/host-manager]
13-Feb-2026 11:45:26.955 INFO [main] org.apache.catalina.startup.HostConfig.deployDirectory Deployment of web application directory [/workspaces/Adv_JAVA-Assignment/apache-tomcat-10.1.18/webapps/host-manager] has finished in [21] ms
13-Feb-2026 11:45:26.956 INFO [main] org.apache.catalina.startup.HostConfig.deployDirectory Deploying web application directory [/workspaces/Adv_JAVA-Assignment/apache-tomcat-10.1.18/webapps/BookApp]
13-Feb-2026 11:45:27.094 INFO [main] org.apache.jasper.servlet.TldScanner.scanJars At least one JAR was scanned for TLDs yet contained no TLDs. Enable debug logging for this logger for a complete list of JARs that were scanned but no TLDs were found in them. Skipping unneeded JARs during scanning can improve startup time and JSP compilation time.
13-Feb-2026 11:45:27.104 INFO [main] org.apache.catalina.startup.HostConfig.deployDirectory Deployment of web application directory [/workspaces/Adv_JAVA-Assignment/apache-tomcat-10.1.18/webapps/BookApp] has finished in [148] ms
13-Feb-2026 11:45:27.105 INFO [main] org.apache.catalina.startup.HostConfig.deployDirectory Deploying web application directory [/workspaces/Adv_JAVA-Assignment/apache-tomcat-10.1.18/webapps/ROOT]
13-Feb-2026 11:45:27.127 INFO [main] org.apache.catalina.startup.HostConfig.deployDirectory Deployment of web application directory [/workspaces/Adv_JAVA-Assignment/apache-tomcat-10.1.18/webapps/ROOT] has finished in [22] ms
13-Feb-2026 11:45:27.133 INFO [main] org.apache.coyote.AbstractProtocol.start Starting ProtocolHandler ["http-nio-8080"]
13-Feb-2026 11:45:27.146 INFO [main] org.apache.catalina.startup.Catalina.start Server startup in [967] milliseconds
20-Feb-2026 10:42:41.932 INFO [main] org.apache.catalina.startup.VersionLoggerListener.log Server version name:   Apache Tomcat/10.1.18
20-Feb-2026 10:42:41.968 INFO [main] org.apache.catalina.startup.VersionLoggerListener.log Server built:          Jan 5 2024 14:39:40 UTC
20-Feb-2026 10:42:41.968 INFO [main] org.apache.catalina.startup.VersionLoggerListener.log Server version number: 10.1.18.0
20-Feb-2026 10:42:41.969 INFO [main] org.apache.catalina.startup.VersionLoggerListener.log OS Name:               Linux
20-Feb-2026 10:42:41.970 INFO [main] org.apache.catalina.startup.VersionLoggerListener.log OS Version:            6.8.0-1030-azure
20-Feb-2026 10:42:41.970 INFO [main] org.apache.catalina.startup.VersionLoggerListener.log Architecture:          amd64
20-Feb-2026 10:42:41.970 INFO [main] org.apache.catalina.startup.VersionLoggerListener.log Java Home:             /usr/local/sdkman/candidates/java/25.0.1-ms
20-Feb-2026 10:42:41.971 INFO [main] org.apache.catalina.startup.VersionLoggerListener.log JVM Version:           25.0.1+8-LTS
20-Feb-2026 10:42:41.971 INFO [main] org.apache.catalina.startup.VersionLoggerListener.log JVM Vendor:            Microsoft
20-Feb-2026 10:42:41.972 INFO [main] org.apache.catalina.startup.VersionLoggerListener.log CATALINA_BASE:         /workspaces/Adv_JAVA-Assignment/apache-tomcat-10.1.18
20-Feb-2026 10:42:41.972 INFO [main] org.apache.catalina.startup.VersionLoggerListener.log CATALINA_HOME:         /workspaces/Adv_JAVA-Assignment/apache-tomcat-10.1.18
20-Feb-2026 10:42:42.160 INFO [main] org.apache.catalina.startup.VersionLoggerListener.log Command line argument: -Djava.util.logging.config.file=/workspaces/Adv_JAVA-Assignment/apache-tomcat-10.1.18/conf/logging.properties
20-Feb-2026 10:42:42.161 INFO [main] org.apache.catalina.startup.VersionLoggerListener.log Command line argument: -Djava.util.logging.manager=org.apache.juli.ClassLoaderLogManager
20-Feb-2026 10:42:42.161 INFO [main] org.apache.catalina.startup.VersionLoggerListener.log Command line argument: -Djdk.tls.ephemeralDHKeySize=2048
20-Feb-2026 10:42:42.161 INFO [main] org.apache.catalina.startup.VersionLoggerListener.log Command line argument: -Djava.protocol.handler.pkgs=org.apache.catalina.webresources
20-Feb-2026 10:42:42.161 INFO [main] org.apache.catalina.startup.VersionLoggerListener.log Command line argument: -Dorg.apache.catalina.security.SecurityListener.UMASK=0027
20-Feb-2026 10:42:42.161 INFO [main] org.apache.catalina.startup.VersionLoggerListener.log Command line argument: --add-opens=java.base/java.lang=ALL-UNNAMED
20-Feb-2026 10:42:42.161 INFO [main] org.apache.catalina.startup.VersionLoggerListener.log Command line argument: --add-opens=java.base/java.io=ALL-UNNAMED
20-Feb-2026 10:42:42.161 INFO [main] org.apache.catalina.startup.VersionLoggerListener.log Command line argument: --add-opens=java.base/java.util=ALL-UNNAMED
20-Feb-2026 10:42:42.162 INFO [main] org.apache.catalina.startup.VersionLoggerListener.log Command line argument: --add-opens=java.base/java.util.concurrent=ALL-UNNAMED
20-Feb-2026 10:42:42.162 INFO [main] org.apache.catalina.startup.VersionLoggerListener.log Command line argument: --add-opens=java.rmi/sun.rmi.transport=ALL-UNNAMED
20-Feb-2026 10:42:42.163 INFO [main] org.apache.catalina.startup.VersionLoggerListener.log Command line argument: -Dcatalina.base=/workspaces/Adv_JAVA-Assignment/apache-tomcat-10.1.18
20-Feb-2026 10:42:42.163 INFO [main] org.apache.catalina.startup.VersionLoggerListener.log Command line argument: -Dcatalina.home=/workspaces/Adv_JAVA-Assignment/apache-tomcat-10.1.18
20-Feb-2026 10:42:42.163 INFO [main] org.apache.catalina.startup.VersionLoggerListener.log Command line argument: -Djava.io.tmpdir=/workspaces/Adv_JAVA-Assignment/apache-tomcat-10.1.18/temp
WARNING: A restricted method in java.lang.System has been called
WARNING: java.lang.System::load has been called by org.apache.tomcat.jni.Library in an unnamed module (file:/workspaces/Adv_JAVA-Assignment/apache-tomcat-10.1.18/lib/tomcat-jni.jar)
WARNING: Use --enable-native-access=ALL-UNNAMED to avoid a warning for callers in this module
WARNING: Restricted methods will be blocked in a future release unless native access is enabled

20-Feb-2026 10:42:42.168 INFO [main] org.apache.catalina.core.AprLifecycleListener.lifecycleEvent The Apache Tomcat Native library which allows using OpenSSL was not found on the java.library.path: [/usr/java/packages/lib:/usr/lib64:/lib64:/lib:/usr/lib]
20-Feb-2026 10:42:42.782 INFO [main] org.apache.coyote.AbstractProtocol.init Initializing ProtocolHandler ["http-nio-8080"]
20-Feb-2026 10:42:42.806 INFO [main] org.apache.catalina.startup.Catalina.load Server initialization in [1239] milliseconds
20-Feb-2026 10:42:42.867 INFO [main] org.apache.catalina.core.StandardService.startInternal Starting service [Catalina]
20-Feb-2026 10:42:42.868 INFO [main] org.apache.catalina.core.StandardEngine.startInternal Starting Servlet engine: [Apache Tomcat/10.1.18]
20-Feb-2026 10:42:42.877 INFO [main] org.apache.catalina.startup.HostConfig.deployDirectory Deploying web application directory [/workspaces/Adv_JAVA-Assignment/apache-tomcat-10.1.18/webapps/docs]
20-Feb-2026 10:42:43.660 INFO [main] org.apache.catalina.startup.HostConfig.deployDirectory Deployment of web application directory [/workspaces/Adv_JAVA-Assignment/apache-tomcat-10.1.18/webapps/docs] has finished in [777] ms
20-Feb-2026 10:42:43.660 INFO [main] org.apache.catalina.startup.HostConfig.deployDirectory Deploying web application directory [/workspaces/Adv_JAVA-Assignment/apache-tomcat-10.1.18/webapps/examples]
20-Feb-2026 10:42:44.341 INFO [main] org.apache.catalina.startup.HostConfig.deployDirectory Deployment of web application directory [/workspaces/Adv_JAVA-Assignment/apache-tomcat-10.1.18/webapps/examples] has finished in [681] ms
20-Feb-2026 10:42:44.341 INFO [main] org.apache.catalina.startup.HostConfig.deployDirectory Deploying web application directory [/workspaces/Adv_JAVA-Assignment/apache-tomcat-10.1.18/webapps/manager]
20-Feb-2026 10:42:44.372 INFO [main] org.apache.catalina.startup.HostConfig.deployDirectory Deployment of web application directory [/workspaces/Adv_JAVA-Assignment/apache-tomcat-10.1.18/webapps/manager] has finished in [31] ms
20-Feb-2026 10:42:44.373 INFO [main] org.apache.catalina.startup.HostConfig.deployDirectory Deploying web application directory [/workspaces/Adv_JAVA-Assignment/apache-tomcat-10.1.18/webapps/host-manager]
20-Feb-2026 10:42:44.398 INFO [main] org.apache.catalina.startup.HostConfig.deployDirectory Deployment of web application directory [/workspaces/Adv_JAVA-Assignment/apache-tomcat-10.1.18/webapps/host-manager] has finished in [25] ms
20-Feb-2026 10:42:44.398 INFO [main] org.apache.catalina.startup.HostConfig.deployDirectory Deploying web application directory [/workspaces/Adv_JAVA-Assignment/apache-tomcat-10.1.18/webapps/BookApp]
20-Feb-2026 10:42:44.613 INFO [main] org.apache.jasper.servlet.TldScanner.scanJars At least one JAR was scanned for TLDs yet contained no TLDs. Enable debug logging for this logger for a complete list of JARs that were scanned but no TLDs were found in them. Skipping unneeded JARs during scanning can improve startup time and JSP compilation time.
20-Feb-2026 10:42:44.625 INFO [main] org.apache.catalina.startup.HostConfig.deployDirectory Deployment of web application directory [/workspaces/Adv_JAVA-Assignment/apache-tomcat-10.1.18/webapps/BookApp] has finished in [226] ms
20-Feb-2026 10:42:44.625 INFO [main] org.apache.catalina.startup.HostConfig.deployDirectory Deploying web application directory [/workspaces/Adv_JAVA-Assignment/apache-tomcat-10.1.18/webapps/ROOT]
20-Feb-2026 10:42:44.641 INFO [main] org.apache.catalina.startup.HostConfig.deployDirectory Deployment of web application directory [/workspaces/Adv_JAVA-Assignment/apache-tomcat-10.1.18/webapps/ROOT] has finished in [16] ms
20-Feb-2026 10:42:44.645 INFO [main] org.apache.coyote.AbstractProtocol.start Starting ProtocolHandler ["http-nio-8080"]
20-Feb-2026 10:42:44.658 INFO [main] org.apache.catalina.startup.Catalina.start Server startup in [1849] milliseconds
20-Feb-2026 10:48:35.056 INFO [main] org.apache.catalina.core.StandardServer.await A valid shutdown command was received via the shutdown port. Stopping the Server instance.
20-Feb-2026 10:48:35.057 INFO [main] org.apache.coyote.AbstractProtocol.pause Pausing ProtocolHandler ["http-nio-8080"]
20-Feb-2026 10:48:35.063 INFO [main] org.apache.catalina.core.StandardService.stopInternal Stopping service [Catalina]
20-Feb-2026 10:48:35.085 WARNING [main] org.apache.catalina.loader.WebappClassLoaderBase.clearReferencesJdbc The web application [BookApp] registered the JDBC driver [org.postgresql.Driver] but failed to unregister it when the web application was stopped. To prevent a memory leak, the JDBC Driver has been forcibly unregistered.
20-Feb-2026 10:48:35.103 INFO [main] org.apache.coyote.AbstractProtocol.stop Stopping ProtocolHandler ["http-nio-8080"]
20-Feb-2026 10:48:35.115 INFO [main] org.apache.coyote.AbstractProtocol.destroy Destroying ProtocolHandler ["http-nio-8080"]
20-Feb-2026 10:48:47.678 INFO [main] org.apache.catalina.startup.VersionLoggerListener.log Server version name:   Apache Tomcat/10.1.18
20-Feb-2026 10:48:47.682 INFO [main] org.apache.catalina.startup.VersionLoggerListener.log Server built:          Jan 5 2024 14:39:40 UTC
20-Feb-2026 10:48:47.682 INFO [main] org.apache.catalina.startup.VersionLoggerListener.log Server version number: 10.1.18.0
20-Feb-2026 10:48:47.683 INFO [main] org.apache.catalina.startup.VersionLoggerListener.log OS Name:               Linux
20-Feb-2026 10:48:47.687 INFO [main] org.apache.catalina.startup.VersionLoggerListener.log OS Version:            6.8.0-1030-azure
20-Feb-2026 10:48:47.689 INFO [main] org.apache.catalina.startup.VersionLoggerListener.log Architecture:          amd64
20-Feb-2026 10:48:47.689 INFO [main] org.apache.catalina.startup.VersionLoggerListener.log Java Home:             /usr/local/sdkman/candidates/java/25.0.1-ms
20-Feb-2026 10:48:47.689 INFO [main] org.apache.catalina.startup.VersionLoggerListener.log JVM Version:           25.0.1+8-LTS
20-Feb-2026 10:48:47.689 INFO [main] org.apache.catalina.startup.VersionLoggerListener.log JVM Vendor:            Microsoft
20-Feb-2026 10:48:47.689 INFO [main] org.apache.catalina.startup.VersionLoggerListener.log CATALINA_BASE:         /workspaces/Adv_JAVA-Assignment/apache-tomcat-10.1.18
20-Feb-2026 10:48:47.689 INFO [main] org.apache.catalina.startup.VersionLoggerListener.log CATALINA_HOME:         /workspaces/Adv_JAVA-Assignment/apache-tomcat-10.1.18
20-Feb-2026 10:48:47.699 INFO [main] org.apache.catalina.startup.VersionLoggerListener.log Command line argument: -Djava.util.logging.config.file=/workspaces/Adv_JAVA-Assignment/apache-tomcat-10.1.18/conf/logging.properties
20-Feb-2026 10:48:47.699 INFO [main] org.apache.catalina.startup.VersionLoggerListener.log Command line argument: -Djava.util.logging.manager=org.apache.juli.ClassLoaderLogManager
20-Feb-2026 10:48:47.700 INFO [main] org.apache.catalina.startup.VersionLoggerListener.log Command line argument: -Djdk.tls.ephemeralDHKeySize=2048
20-Feb-2026 10:48:47.700 INFO [main] org.apache.catalina.startup.VersionLoggerListener.log Command line argument: -Djava.protocol.handler.pkgs=org.apache.catalina.webresources
20-Feb-2026 10:48:47.701 INFO [main] org.apache.catalina.startup.VersionLoggerListener.log Command line argument: -Dorg.apache.catalina.security.SecurityListener.UMASK=0027
20-Feb-2026 10:48:47.701 INFO [main] org.apache.catalina.startup.VersionLoggerListener.log Command line argument: --add-opens=java.base/java.lang=ALL-UNNAMED
20-Feb-2026 10:48:47.701 INFO [main] org.apache.catalina.startup.VersionLoggerListener.log Command line argument: --add-opens=java.base/java.io=ALL-UNNAMED
20-Feb-2026 10:48:47.701 INFO [main] org.apache.catalina.startup.VersionLoggerListener.log Command line argument: --add-opens=java.base/java.util=ALL-UNNAMED
20-Feb-2026 10:48:47.702 INFO [main] org.apache.catalina.startup.VersionLoggerListener.log Command line argument: --add-opens=java.base/java.util.concurrent=ALL-UNNAMED
20-Feb-2026 10:48:47.702 INFO [main] org.apache.catalina.startup.VersionLoggerListener.log Command line argument: --add-opens=java.rmi/sun.rmi.transport=ALL-UNNAMED
20-Feb-2026 10:48:47.703 INFO [main] org.apache.catalina.startup.VersionLoggerListener.log Command line argument: -Dcatalina.base=/workspaces/Adv_JAVA-Assignment/apache-tomcat-10.1.18
20-Feb-2026 10:48:47.705 INFO [main] org.apache.catalina.startup.VersionLoggerListener.log Command line argument: -Dcatalina.home=/workspaces/Adv_JAVA-Assignment/apache-tomcat-10.1.18
20-Feb-2026 10:48:47.705 INFO [main] org.apache.catalina.startup.VersionLoggerListener.log Command line argument: -Djava.io.tmpdir=/workspaces/Adv_JAVA-Assignment/apache-tomcat-10.1.18/temp
WARNING: A restricted method in java.lang.System has been called
WARNING: java.lang.System::load has been called by org.apache.tomcat.jni.Library in an unnamed module (file:/workspaces/Adv_JAVA-Assignment/apache-tomcat-10.1.18/lib/tomcat-jni.jar)
WARNING: Use --enable-native-access=ALL-UNNAMED to avoid a warning for callers in this module
WARNING: Restricted methods will be blocked in a future release unless native access is enabled

20-Feb-2026 10:48:47.708 INFO [main] org.apache.catalina.core.AprLifecycleListener.lifecycleEvent The Apache Tomcat Native library which allows using OpenSSL was not found on the java.library.path: [/usr/java/packages/lib:/usr/lib64:/lib64:/lib:/usr/lib]
20-Feb-2026 10:48:48.158 INFO [main] org.apache.coyote.AbstractProtocol.init Initializing ProtocolHandler ["http-nio-8080"]
20-Feb-2026 10:48:48.188 INFO [main] org.apache.catalina.startup.Catalina.load Server initialization in [771] milliseconds
20-Feb-2026 10:48:48.234 INFO [main] org.apache.catalina.core.StandardService.startInternal Starting service [Catalina]
20-Feb-2026 10:48:48.234 INFO [main] org.apache.catalina.core.StandardEngine.startInternal Starting Servlet engine: [Apache Tomcat/10.1.18]
20-Feb-2026 10:48:48.241 INFO [main] org.apache.catalina.startup.HostConfig.deployDirectory Deploying web application directory [/workspaces/Adv_JAVA-Assignment/apache-tomcat-10.1.18/webapps/docs]
20-Feb-2026 10:48:48.573 INFO [main] org.apache.catalina.startup.HostConfig.deployDirectory Deployment of web application directory [/workspaces/Adv_JAVA-Assignment/apache-tomcat-10.1.18/webapps/docs] has finished in [329] ms
20-Feb-2026 10:48:48.574 INFO [main] org.apache.catalina.startup.HostConfig.deployDirectory Deploying web application directory [/workspaces/Adv_JAVA-Assignment/apache-tomcat-10.1.18/webapps/examples]
20-Feb-2026 10:48:48.875 INFO [main] org.apache.catalina.startup.HostConfig.deployDirectory Deployment of web application directory [/workspaces/Adv_JAVA-Assignment/apache-tomcat-10.1.18/webapps/examples] has finished in [300] ms
20-Feb-2026 10:48:48.876 INFO [main] org.apache.catalina.startup.HostConfig.deployDirectory Deploying web application directory [/workspaces/Adv_JAVA-Assignment/apache-tomcat-10.1.18/webapps/manager]
20-Feb-2026 10:48:48.901 INFO [main] org.apache.catalina.startup.HostConfig.deployDirectory Deployment of web application directory [/workspaces/Adv_JAVA-Assignment/apache-tomcat-10.1.18/webapps/manager] has finished in [26] ms
20-Feb-2026 10:48:48.901 INFO [main] org.apache.catalina.startup.HostConfig.deployDirectory Deploying web application directory [/workspaces/Adv_JAVA-Assignment/apache-tomcat-10.1.18/webapps/host-manager]
20-Feb-2026 10:48:48.930 INFO [main] org.apache.catalina.startup.HostConfig.deployDirectory Deployment of web application directory [/workspaces/Adv_JAVA-Assignment/apache-tomcat-10.1.18/webapps/host-manager] has finished in [29] ms
20-Feb-2026 10:48:48.933 INFO [main] org.apache.catalina.startup.HostConfig.deployDirectory Deploying web application directory [/workspaces/Adv_JAVA-Assignment/apache-tomcat-10.1.18/webapps/BookApp]
20-Feb-2026 10:48:49.105 INFO [main] org.apache.jasper.servlet.TldScanner.scanJars At least one JAR was scanned for TLDs yet contained no TLDs. Enable debug logging for this logger for a complete list of JARs that were scanned but no TLDs were found in them. Skipping unneeded JARs during scanning can improve startup time and JSP compilation time.
20-Feb-2026 10:48:49.116 INFO [main] org.apache.catalina.startup.HostConfig.deployDirectory Deployment of web application directory [/workspaces/Adv_JAVA-Assignment/apache-tomcat-10.1.18/webapps/BookApp] has finished in [183] ms
20-Feb-2026 10:48:49.118 INFO [main] org.apache.catalina.startup.HostConfig.deployDirectory Deploying web application directory [/workspaces/Adv_JAVA-Assignment/apache-tomcat-10.1.18/webapps/ROOT]
20-Feb-2026 10:48:49.141 INFO [main] org.apache.catalina.startup.HostConfig.deployDirectory Deployment of web application directory [/workspaces/Adv_JAVA-Assignment/apache-tomcat-10.1.18/webapps/ROOT] has finished in [23] ms
20-Feb-2026 10:48:49.148 INFO [main] org.apache.coyote.AbstractProtocol.start Starting ProtocolHandler ["http-nio-8080"]
20-Feb-2026 10:48:49.162 INFO [main] org.apache.catalina.startup.Catalina.start Server startup in [972] milliseconds
20-Feb-2026 10:57:19.388 INFO [main] org.apache.catalina.core.StandardServer.await A valid shutdown command was received via the shutdown port. Stopping the Server instance.
20-Feb-2026 10:57:19.389 INFO [main] org.apache.coyote.AbstractProtocol.pause Pausing ProtocolHandler ["http-nio-8080"]
20-Feb-2026 10:57:19.397 INFO [main] org.apache.catalina.core.StandardService.stopInternal Stopping service [Catalina]
20-Feb-2026 10:57:19.416 WARNING [main] org.apache.catalina.loader.WebappClassLoaderBase.clearReferencesJdbc The web application [BookApp] registered the JDBC driver [org.postgresql.Driver] but failed to unregister it when the web application was stopped. To prevent a memory leak, the JDBC Driver has been forcibly unregistered.
20-Feb-2026 10:57:19.436 INFO [main] org.apache.coyote.AbstractProtocol.stop Stopping ProtocolHandler ["http-nio-8080"]
20-Feb-2026 10:57:19.441 INFO [main] org.apache.coyote.AbstractProtocol.destroy Destroying ProtocolHandler ["http-nio-8080"]
20-Feb-2026 10:57:24.400 INFO [main] org.apache.catalina.startup.VersionLoggerListener.log Server version name:   Apache Tomcat/10.1.18
20-Feb-2026 10:57:24.407 INFO [main] org.apache.catalina.startup.VersionLoggerListener.log Server built:          Jan 5 2024 14:39:40 UTC
20-Feb-2026 10:57:24.410 INFO [main] org.apache.catalina.startup.VersionLoggerListener.log Server version number: 10.1.18.0
20-Feb-2026 10:57:24.410 INFO [main] org.apache.catalina.startup.VersionLoggerListener.log OS Name:               Linux
20-Feb-2026 10:57:24.410 INFO [main] org.apache.catalina.startup.VersionLoggerListener.log OS Version:            6.8.0-1030-azure
20-Feb-2026 10:57:24.410 INFO [main] org.apache.catalina.startup.VersionLoggerListener.log Architecture:          amd64
20-Feb-2026 10:57:24.410 INFO [main] org.apache.catalina.startup.VersionLoggerListener.log Java Home:             /usr/local/sdkman/candidates/java/25.0.1-ms
20-Feb-2026 10:57:24.411 INFO [main] org.apache.catalina.startup.VersionLoggerListener.log JVM Version:           25.0.1+8-LTS
20-Feb-2026 10:57:24.411 INFO [main] org.apache.catalina.startup.VersionLoggerListener.log JVM Vendor:            Microsoft
20-Feb-2026 10:57:24.411 INFO [main] org.apache.catalina.startup.VersionLoggerListener.log CATALINA_BASE:         /workspaces/Adv_JAVA-Assignment/apache-tomcat-10.1.18
20-Feb-2026 10:57:24.411 INFO [main] org.apache.catalina.startup.VersionLoggerListener.log CATALINA_HOME:         /workspaces/Adv_JAVA-Assignment/apache-tomcat-10.1.18
20-Feb-2026 10:57:24.426 INFO [main] org.apache.catalina.startup.VersionLoggerListener.log Command line argument: -Djava.util.logging.config.file=/workspaces/Adv_JAVA-Assignment/apache-tomcat-10.1.18/conf/logging.properties
20-Feb-2026 10:57:24.426 INFO [main] org.apache.catalina.startup.VersionLoggerListener.log Command line argument: -Djava.util.logging.manager=org.apache.juli.ClassLoaderLogManager
20-Feb-2026 10:57:24.426 INFO [main] org.apache.catalina.startup.VersionLoggerListener.log Command line argument: -Djdk.tls.ephemeralDHKeySize=2048
20-Feb-2026 10:57:24.427 INFO [main] org.apache.catalina.startup.VersionLoggerListener.log Command line argument: -Djava.protocol.handler.pkgs=org.apache.catalina.webresources
20-Feb-2026 10:57:24.427 INFO [main] org.apache.catalina.startup.VersionLoggerListener.log Command line argument: -Dorg.apache.catalina.security.SecurityListener.UMASK=0027
20-Feb-2026 10:57:24.428 INFO [main] org.apache.catalina.startup.VersionLoggerListener.log Command line argument: --add-opens=java.base/java.lang=ALL-UNNAMED
20-Feb-2026 10:57:24.428 INFO [main] org.apache.catalina.startup.VersionLoggerListener.log Command line argument: --add-opens=java.base/java.io=ALL-UNNAMED
20-Feb-2026 10:57:24.429 INFO [main] org.apache.catalina.startup.VersionLoggerListener.log Command line argument: --add-opens=java.base/java.util=ALL-UNNAMED
20-Feb-2026 10:57:24.430 INFO [main] org.apache.catalina.startup.VersionLoggerListener.log Command line argument: --add-opens=java.base/java.util.concurrent=ALL-UNNAMED
20-Feb-2026 10:57:24.430 INFO [main] org.apache.catalina.startup.VersionLoggerListener.log Command line argument: --add-opens=java.rmi/sun.rmi.transport=ALL-UNNAMED
20-Feb-2026 10:57:24.431 INFO [main] org.apache.catalina.startup.VersionLoggerListener.log Command line argument: -Dcatalina.base=/workspaces/Adv_JAVA-Assignment/apache-tomcat-10.1.18
20-Feb-2026 10:57:24.431 INFO [main] org.apache.catalina.startup.VersionLoggerListener.log Command line argument: -Dcatalina.home=/workspaces/Adv_JAVA-Assignment/apache-tomcat-10.1.18
20-Feb-2026 10:57:24.431 INFO [main] org.apache.catalina.startup.VersionLoggerListener.log Command line argument: -Djava.io.tmpdir=/workspaces/Adv_JAVA-Assignment/apache-tomcat-10.1.18/temp
WARNING: A restricted method in java.lang.System has been called
WARNING: java.lang.System::load has been called by org.apache.tomcat.jni.Library in an unnamed module (file:/workspaces/Adv_JAVA-Assignment/apache-tomcat-10.1.18/lib/tomcat-jni.jar)
WARNING: Use --enable-native-access=ALL-UNNAMED to avoid a warning for callers in this module
WARNING: Restricted methods will be blocked in a future release unless native access is enabled

20-Feb-2026 10:57:24.437 INFO [main] org.apache.catalina.core.AprLifecycleListener.lifecycleEvent The Apache Tomcat Native library which allows using OpenSSL was not found on the java.library.path: [/usr/java/packages/lib:/usr/lib64:/lib64:/lib:/usr/lib]
20-Feb-2026 10:57:24.935 INFO [main] org.apache.coyote.AbstractProtocol.init Initializing ProtocolHandler ["http-nio-8080"]
20-Feb-2026 10:57:24.958 INFO [main] org.apache.catalina.startup.Catalina.load Server initialization in [788] milliseconds
20-Feb-2026 10:57:24.995 INFO [main] org.apache.catalina.core.StandardService.startInternal Starting service [Catalina]
20-Feb-2026 10:57:24.995 INFO [main] org.apache.catalina.core.StandardEngine.startInternal Starting Servlet engine: [Apache Tomcat/10.1.18]
20-Feb-2026 10:57:25.002 INFO [main] org.apache.catalina.startup.HostConfig.deployDirectory Deploying web application directory [/workspaces/Adv_JAVA-Assignment/apache-tomcat-10.1.18/webapps/docs]
20-Feb-2026 10:57:25.397 INFO [main] org.apache.catalina.startup.HostConfig.deployDirectory Deployment of web application directory [/workspaces/Adv_JAVA-Assignment/apache-tomcat-10.1.18/webapps/docs] has finished in [392] ms
20-Feb-2026 10:57:25.398 INFO [main] org.apache.catalina.startup.HostConfig.deployDirectory Deploying web application directory [/workspaces/Adv_JAVA-Assignment/apache-tomcat-10.1.18/webapps/examples]
20-Feb-2026 10:57:25.796 INFO [main] org.apache.catalina.startup.HostConfig.deployDirectory Deployment of web application directory [/workspaces/Adv_JAVA-Assignment/apache-tomcat-10.1.18/webapps/examples] has finished in [398] ms
20-Feb-2026 10:57:25.797 INFO [main] org.apache.catalina.startup.HostConfig.deployDirectory Deploying web application directory [/workspaces/Adv_JAVA-Assignment/apache-tomcat-10.1.18/webapps/manager]
20-Feb-2026 10:57:25.848 INFO [main] org.apache.catalina.startup.HostConfig.deployDirectory Deployment of web application directory [/workspaces/Adv_JAVA-Assignment/apache-tomcat-10.1.18/webapps/manager] has finished in [51] ms
20-Feb-2026 10:57:25.849 INFO [main] org.apache.catalina.startup.HostConfig.deployDirectory Deploying web application directory [/workspaces/Adv_JAVA-Assignment/apache-tomcat-10.1.18/webapps/host-manager]
20-Feb-2026 10:57:25.878 INFO [main] org.apache.catalina.startup.HostConfig.deployDirectory Deployment of web application directory [/workspaces/Adv_JAVA-Assignment/apache-tomcat-10.1.18/webapps/host-manager] has finished in [29] ms
20-Feb-2026 10:57:25.878 INFO [main] org.apache.catalina.startup.HostConfig.deployDirectory Deploying web application directory [/workspaces/Adv_JAVA-Assignment/apache-tomcat-10.1.18/webapps/BookApp]
20-Feb-2026 10:57:26.084 INFO [main] org.apache.jasper.servlet.TldScanner.scanJars At least one JAR was scanned for TLDs yet contained no TLDs. Enable debug logging for this logger for a complete list of JARs that were scanned but no TLDs were found in them. Skipping unneeded JARs during scanning can improve startup time and JSP compilation time.
20-Feb-2026 10:57:26.099 INFO [main] org.apache.catalina.startup.HostConfig.deployDirectory Deployment of web application directory [/workspaces/Adv_JAVA-Assignment/apache-tomcat-10.1.18/webapps/BookApp] has finished in [221] ms
20-Feb-2026 10:57:26.100 INFO [main] org.apache.catalina.startup.HostConfig.deployDirectory Deploying web application directory [/workspaces/Adv_JAVA-Assignment/apache-tomcat-10.1.18/webapps/ROOT]
20-Feb-2026 10:57:26.137 INFO [main] org.apache.catalina.startup.HostConfig.deployDirectory Deployment of web application directory [/workspaces/Adv_JAVA-Assignment/apache-tomcat-10.1.18/webapps/ROOT] has finished in [37] ms
20-Feb-2026 10:57:26.144 INFO [main] org.apache.coyote.AbstractProtocol.start Starting ProtocolHandler ["http-nio-8080"]
20-Feb-2026 10:57:26.160 INFO [main] org.apache.catalina.startup.Catalina.start Server startup in [1200] milliseconds
27-Feb-2026 08:32:41.291 INFO [main] org.apache.catalina.startup.VersionLoggerListener.log Server version name:   Apache Tomcat/10.1.18
27-Feb-2026 08:32:41.329 INFO [main] org.apache.catalina.startup.VersionLoggerListener.log Server built:          Jan 5 2024 14:39:40 UTC
27-Feb-2026 08:32:41.329 INFO [main] org.apache.catalina.startup.VersionLoggerListener.log Server version number: 10.1.18.0
27-Feb-2026 08:32:41.329 INFO [main] org.apache.catalina.startup.VersionLoggerListener.log OS Name:               Linux
27-Feb-2026 08:32:41.330 INFO [main] org.apache.catalina.startup.VersionLoggerListener.log OS Version:            6.8.0-1044-azure
27-Feb-2026 08:32:41.330 INFO [main] org.apache.catalina.startup.VersionLoggerListener.log Architecture:          amd64
27-Feb-2026 08:32:41.330 INFO [main] org.apache.catalina.startup.VersionLoggerListener.log Java Home:             /usr/local/sdkman/candidates/java/25.0.1-ms
27-Feb-2026 08:32:41.330 INFO [main] org.apache.catalina.startup.VersionLoggerListener.log JVM Version:           25.0.1+8-LTS
27-Feb-2026 08:32:41.330 INFO [main] org.apache.catalina.startup.VersionLoggerListener.log JVM Vendor:            Microsoft
27-Feb-2026 08:32:41.330 INFO [main] org.apache.catalina.startup.VersionLoggerListener.log CATALINA_BASE:         /workspaces/Adv_JAVA-Assignment/apache-tomcat-10.1.18
27-Feb-2026 08:32:41.330 INFO [main] org.apache.catalina.startup.VersionLoggerListener.log CATALINA_HOME:         /workspaces/Adv_JAVA-Assignment/apache-tomcat-10.1.18
27-Feb-2026 08:32:41.420 INFO [main] org.apache.catalina.startup.VersionLoggerListener.log Command line argument: -Djava.util.logging.config.file=/workspaces/Adv_JAVA-Assignment/apache-tomcat-10.1.18/conf/logging.properties
27-Feb-2026 08:32:41.420 INFO [main] org.apache.catalina.startup.VersionLoggerListener.log Command line argument: -Djava.util.logging.manager=org.apache.juli.ClassLoaderLogManager
27-Feb-2026 08:32:41.420 INFO [main] org.apache.catalina.startup.VersionLoggerListener.log Command line argument: -Djdk.tls.ephemeralDHKeySize=2048
27-Feb-2026 08:32:41.420 INFO [main] org.apache.catalina.startup.VersionLoggerListener.log Command line argument: -Djava.protocol.handler.pkgs=org.apache.catalina.webresources
27-Feb-2026 08:32:41.420 INFO [main] org.apache.catalina.startup.VersionLoggerListener.log Command line argument: -Dorg.apache.catalina.security.SecurityListener.UMASK=0027
27-Feb-2026 08:32:41.421 INFO [main] org.apache.catalina.startup.VersionLoggerListener.log Command line argument: --add-opens=java.base/java.lang=ALL-UNNAMED
27-Feb-2026 08:32:41.421 INFO [main] org.apache.catalina.startup.VersionLoggerListener.log Command line argument: --add-opens=java.base/java.io=ALL-UNNAMED
27-Feb-2026 08:32:41.421 INFO [main] org.apache.catalina.startup.VersionLoggerListener.log Command line argument: --add-opens=java.base/java.util=ALL-UNNAMED
27-Feb-2026 08:32:41.421 INFO [main] org.apache.catalina.startup.VersionLoggerListener.log Command line argument: --add-opens=java.base/java.util.concurrent=ALL-UNNAMED
27-Feb-2026 08:32:41.423 INFO [main] org.apache.catalina.startup.VersionLoggerListener.log Command line argument: --add-opens=java.rmi/sun.rmi.transport=ALL-UNNAMED
27-Feb-2026 08:32:41.431 INFO [main] org.apache.catalina.startup.VersionLoggerListener.log Command line argument: -Dcatalina.base=/workspaces/Adv_JAVA-Assignment/apache-tomcat-10.1.18
27-Feb-2026 08:32:41.431 INFO [main] org.apache.catalina.startup.VersionLoggerListener.log Command line argument: -Dcatalina.home=/workspaces/Adv_JAVA-Assignment/apache-tomcat-10.1.18
27-Feb-2026 08:32:41.431 INFO [main] org.apache.catalina.startup.VersionLoggerListener.log Command line argument: -Djava.io.tmpdir=/workspaces/Adv_JAVA-Assignment/apache-tomcat-10.1.18/temp
WARNING: A restricted method in java.lang.System has been called
WARNING: java.lang.System::load has been called by org.apache.tomcat.jni.Library in an unnamed module (file:/workspaces/Adv_JAVA-Assignment/apache-tomcat-10.1.18/lib/tomcat-jni.jar)
WARNING: Use --enable-native-access=ALL-UNNAMED to avoid a warning for callers in this module
WARNING: Restricted methods will be blocked in a future release unless native access is enabled

27-Feb-2026 08:32:41.439 INFO [main] org.apache.catalina.core.AprLifecycleListener.lifecycleEvent The Apache Tomcat Native library which allows using OpenSSL was not found on the java.library.path: [/usr/java/packages/lib:/usr/lib64:/lib64:/lib:/usr/lib]
27-Feb-2026 08:32:42.092 INFO [main] org.apache.coyote.AbstractProtocol.init Initializing ProtocolHandler ["http-nio-8080"]
27-Feb-2026 08:32:42.119 INFO [main] org.apache.catalina.startup.Catalina.load Server initialization in [1158] milliseconds
27-Feb-2026 08:32:42.192 INFO [main] org.apache.catalina.core.StandardService.startInternal Starting service [Catalina]
27-Feb-2026 08:32:42.193 INFO [main] org.apache.catalina.core.StandardEngine.startInternal Starting Servlet engine: [Apache Tomcat/10.1.18]
27-Feb-2026 08:32:42.229 INFO [main] org.apache.catalina.startup.HostConfig.deployDirectory Deploying web application directory [/workspaces/Adv_JAVA-Assignment/apache-tomcat-10.1.18/webapps/docs]
27-Feb-2026 08:32:43.206 INFO [main] org.apache.catalina.startup.HostConfig.deployDirectory Deployment of web application directory [/workspaces/Adv_JAVA-Assignment/apache-tomcat-10.1.18/webapps/docs] has finished in [975] ms
27-Feb-2026 08:32:43.207 INFO [main] org.apache.catalina.startup.HostConfig.deployDirectory Deploying web application directory [/workspaces/Adv_JAVA-Assignment/apache-tomcat-10.1.18/webapps/examples]
27-Feb-2026 08:32:44.015 INFO [main] org.apache.catalina.startup.HostConfig.deployDirectory Deployment of web application directory [/workspaces/Adv_JAVA-Assignment/apache-tomcat-10.1.18/webapps/examples] has finished in [809] ms
27-Feb-2026 08:32:44.016 INFO [main] org.apache.catalina.startup.HostConfig.deployDirectory Deploying web application directory [/workspaces/Adv_JAVA-Assignment/apache-tomcat-10.1.18/webapps/manager]
27-Feb-2026 08:32:44.055 INFO [main] org.apache.catalina.startup.HostConfig.deployDirectory Deployment of web application directory [/workspaces/Adv_JAVA-Assignment/apache-tomcat-10.1.18/webapps/manager] has finished in [39] ms
27-Feb-2026 08:32:44.056 INFO [main] org.apache.catalina.startup.HostConfig.deployDirectory Deploying web application directory [/workspaces/Adv_JAVA-Assignment/apache-tomcat-10.1.18/webapps/host-manager]
27-Feb-2026 08:32:44.076 INFO [main] org.apache.catalina.startup.HostConfig.deployDirectory Deployment of web application directory [/workspaces/Adv_JAVA-Assignment/apache-tomcat-10.1.18/webapps/host-manager] has finished in [20] ms
27-Feb-2026 08:32:44.076 INFO [main] org.apache.catalina.startup.HostConfig.deployDirectory Deploying web application directory [/workspaces/Adv_JAVA-Assignment/apache-tomcat-10.1.18/webapps/BookApp]
27-Feb-2026 08:32:44.365 INFO [main] org.apache.jasper.servlet.TldScanner.scanJars At least one JAR was scanned for TLDs yet contained no TLDs. Enable debug logging for this logger for a complete list of JARs that were scanned but no TLDs were found in them. Skipping unneeded JARs during scanning can improve startup time and JSP compilation time.
27-Feb-2026 08:32:44.374 INFO [main] org.apache.catalina.startup.HostConfig.deployDirectory Deployment of web application directory [/workspaces/Adv_JAVA-Assignment/apache-tomcat-10.1.18/webapps/BookApp] has finished in [298] ms
27-Feb-2026 08:32:44.374 INFO [main] org.apache.catalina.startup.HostConfig.deployDirectory Deploying web application directory [/workspaces/Adv_JAVA-Assignment/apache-tomcat-10.1.18/webapps/ROOT]
27-Feb-2026 08:32:44.388 INFO [main] org.apache.catalina.startup.HostConfig.deployDirectory Deployment of web application directory [/workspaces/Adv_JAVA-Assignment/apache-tomcat-10.1.18/webapps/ROOT] has finished in [14] ms
27-Feb-2026 08:32:44.392 INFO [main] org.apache.coyote.AbstractProtocol.start Starting ProtocolHandler ["http-nio-8080"]
27-Feb-2026 08:32:44.410 INFO [main] org.apache.catalina.startup.Catalina.start Server startup in [2289] milliseconds
