13-Feb-2026 11:27:32.407 INFO [main] org.apache.catalina.startup.VersionLoggerListener.log Server version name:   Apache Tomcat/10.1.18
13-Feb-2026 11:27:32.411 INFO [main] org.apache.catalina.startup.VersionLoggerListener.log Server built:          Jan 5 2024 14:39:40 UTC
13-Feb-2026 11:27:32.412 INFO [main] org.apache.catalina.startup.VersionLoggerListener.log Server version number: 10.1.18.0
13-Feb-2026 11:27:32.412 INFO [main] org.apache.catalina.startup.VersionLoggerListener.log OS Name:               Linux
13-Feb-2026 11:27:32.413 INFO [main] org.apache.catalina.startup.VersionLoggerListener.log OS Version:            6.8.0-1030-azure
13-Feb-2026 11:27:32.414 INFO [main] org.apache.catalina.startup.VersionLoggerListener.log Architecture:          amd64
13-Feb-2026 11:27:32.414 INFO [main] org.apache.catalina.startup.VersionLoggerListener.log Java Home:             /usr/local/sdkman/candidates/java/25.0.1-ms
13-Feb-2026 11:27:32.414 INFO [main] org.apache.catalina.startup.VersionLoggerListener.log JVM Version:           25.0.1+8-LTS
13-Feb-2026 11:27:32.415 INFO [main] org.apache.catalina.startup.VersionLoggerListener.log JVM Vendor:            Microsoft
13-Feb-2026 11:27:32.416 INFO [main] org.apache.catalina.startup.VersionLoggerListener.log CATALINA_BASE:         /workspaces/Adv_JAVA-Assignment/apache-tomcat-10.1.18
13-Feb-2026 11:27:32.416 INFO [main] org.apache.catalina.startup.VersionLoggerListener.log CATALINA_HOME:         /workspaces/Adv_JAVA-Assignment/apache-tomcat-10.1.18
13-Feb-2026 11:27:32.474 INFO [main] org.apache.catalina.startup.VersionLoggerListener.log Command line argument: -Djava.util.logging.config.file=/workspaces/Adv_JAVA-Assignment/apache-tomcat-10.1.18/conf/logging.properties
13-Feb-2026 11:27:32.474 INFO [main] org.apache.catalina.startup.VersionLoggerListener.log Command line argument: -Djava.util.logging.manager=org.apache.juli.ClassLoaderLogManager
13-Feb-2026 11:27:32.474 INFO [main] org.apache.catalina.startup.VersionLoggerListener.log Command line argument: -Djdk.tls.ephemeralDHKeySize=2048
13-Feb-2026 11:27:32.475 INFO [main] org.apache.catalina.startup.VersionLoggerListener.log Command line argument: -Djava.protocol.handler.pkgs=org.apache.catalina.webresources
13-Feb-2026 11:27:32.475 INFO [main] org.apache.catalina.startup.VersionLoggerListener.log Command line argument: -Dorg.apache.catalina.security.SecurityListener.UMASK=0027
13-Feb-2026 11:27:32.475 INFO [main] org.apache.catalina.startup.VersionLoggerListener.log Command line argument: --add-opens=java.base/java.lang=ALL-UNNAMED
13-Feb-2026 11:27:32.475 INFO [main] org.apache.catalina.startup.VersionLoggerListener.log Command line argument: --add-opens=java.base/java.io=ALL-UNNAMED
13-Feb-2026 11:27:32.475 INFO [main] org.apache.catalina.startup.VersionLoggerListener.log Command line argument: --add-opens=java.base/java.util=ALL-UNNAMED
13-Feb-2026 11:27:32.480 INFO [main] org.apache.catalina.startup.VersionLoggerListener.log Command line argument: --add-opens=java.base/java.util.concurrent=ALL-UNNAMED
13-Feb-2026 11:27:32.480 INFO [main] org.apache.catalina.startup.VersionLoggerListener.log Command line argument: --add-opens=java.rmi/sun.rmi.transport=ALL-UNNAMED
13-Feb-2026 11:27:32.480 INFO [main] org.apache.catalina.startup.VersionLoggerListener.log Command line argument: -Dcatalina.base=/workspaces/Adv_JAVA-Assignment/apache-tomcat-10.1.18
13-Feb-2026 11:27:32.481 INFO [main] org.apache.catalina.startup.VersionLoggerListener.log Command line argument: -Dcatalina.home=/workspaces/Adv_JAVA-Assignment/apache-tomcat-10.1.18
13-Feb-2026 11:27:32.481 INFO [main] org.apache.catalina.startup.VersionLoggerListener.log Command line argument: -Djava.io.tmpdir=/workspaces/Adv_JAVA-Assignment/apache-tomcat-10.1.18/temp
13-Feb-2026 11:27:32.487 INFO [main] org.apache.catalina.core.AprLifecycleListener.lifecycleEvent The Apache Tomcat Native library which allows using OpenSSL was not found on the java.library.path: [/usr/java/packages/lib:/usr/lib64:/lib64:/lib:/usr/lib]
13-Feb-2026 11:27:33.173 INFO [main] org.apache.coyote.AbstractProtocol.init Initializing ProtocolHandler ["http-nio-8080"]
13-Feb-2026 11:27:33.199 INFO [main] org.apache.catalina.startup.Catalina.load Server initialization in [1098] milliseconds
13-Feb-2026 11:27:33.278 INFO [main] org.apache.catalina.core.StandardService.startInternal Starting service [Catalina]
13-Feb-2026 11:27:33.278 INFO [main] org.apache.catalina.core.StandardEngine.startInternal Starting Servlet engine: [Apache Tomcat/10.1.18]
13-Feb-2026 11:27:33.287 INFO [main] org.apache.catalina.startup.HostConfig.deployDirectory Deploying web application directory [/workspaces/Adv_JAVA-Assignment/apache-tomcat-10.1.18/webapps/docs]
13-Feb-2026 11:27:34.175 INFO [main] org.apache.catalina.startup.HostConfig.deployDirectory Deployment of web application directory [/workspaces/Adv_JAVA-Assignment/apache-tomcat-10.1.18/webapps/docs] has finished in [885] ms
13-Feb-2026 11:27:34.176 INFO [main] org.apache.catalina.startup.HostConfig.deployDirectory Deploying web application directory [/workspaces/Adv_JAVA-Assignment/apache-tomcat-10.1.18/webapps/examples]
13-Feb-2026 11:27:34.617 INFO [main] org.apache.catalina.startup.HostConfig.deployDirectory Deployment of web application directory [/workspaces/Adv_JAVA-Assignment/apache-tomcat-10.1.18/webapps/examples] has finished in [442] ms
13-Feb-2026 11:27:34.617 INFO [main] org.apache.catalina.startup.HostConfig.deployDirectory Deploying web application directory [/workspaces/Adv_JAVA-Assignment/apache-tomcat-10.1.18/webapps/manager]
13-Feb-2026 11:27:34.670 INFO [main] org.apache.catalina.startup.HostConfig.deployDirectory Deployment of web application directory [/workspaces/Adv_JAVA-Assignment/apache-tomcat-10.1.18/webapps/manager] has finished in [53] ms
13-Feb-2026 11:27:34.671 INFO [main] org.apache.catalina.startup.HostConfig.deployDirectory Deploying web application directory [/workspaces/Adv_JAVA-Assignment/apache-tomcat-10.1.18/webapps/host-manager]
13-Feb-2026 11:27:34.697 INFO [main] org.apache.catalina.startup.HostConfig.deployDirectory Deployment of web application directory [/workspaces/Adv_JAVA-Assignment/apache-tomcat-10.1.18/webapps/host-manager] has finished in [27] ms
13-Feb-2026 11:27:34.699 INFO [main] org.apache.catalina.startup.HostConfig.deployDirectory Deploying web application directory [/workspaces/Adv_JAVA-Assignment/apache-tomcat-10.1.18/webapps/BookApp]
13-Feb-2026 11:27:34.908 INFO [main] org.apache.jasper.servlet.TldScanner.scanJars At least one JAR was scanned for TLDs yet contained no TLDs. Enable debug logging for this logger for a complete list of JARs that were scanned but no TLDs were found in them. Skipping unneeded JARs during scanning can improve startup time and JSP compilation time.
13-Feb-2026 11:27:34.919 INFO [main] org.apache.catalina.startup.HostConfig.deployDirectory Deployment of web application directory [/workspaces/Adv_JAVA-Assignment/apache-tomcat-10.1.18/webapps/BookApp] has finished in [221] ms
13-Feb-2026 11:27:34.920 INFO [main] org.apache.catalina.startup.HostConfig.deployDirectory Deploying web application directory [/workspaces/Adv_JAVA-Assignment/apache-tomcat-10.1.18/webapps/ROOT]
13-Feb-2026 11:27:34.951 INFO [main] org.apache.catalina.startup.HostConfig.deployDirectory Deployment of web application directory [/workspaces/Adv_JAVA-Assignment/apache-tomcat-10.1.18/webapps/ROOT] has finished in [31] ms
13-Feb-2026 11:27:34.957 INFO [main] org.apache.coyote.AbstractProtocol.start Starting ProtocolHandler ["http-nio-8080"]
13-Feb-2026 11:27:34.971 INFO [main] org.apache.catalina.startup.Catalina.start Server startup in [1770] milliseconds
13-Feb-2026 11:45:19.315 INFO [main] org.apache.catalina.core.StandardServer.await A valid shutdown command was received via the shutdown port. Stopping the Server instance.
13-Feb-2026 11:45:19.316 INFO [main] org.apache.coyote.AbstractProtocol.pause Pausing ProtocolHandler ["http-nio-8080"]
13-Feb-2026 11:45:19.321 INFO [main] org.apache.catalina.core.StandardService.stopInternal Stopping service [Catalina]
13-Feb-2026 11:45:19.340 WARNING [main] org.apache.catalina.loader.WebappClassLoaderBase.clearReferencesJdbc The web application [BookApp] registered the JDBC driver [org.postgresql.Driver] but failed to unregister it when the web application was stopped. To prevent a memory leak, the JDBC Driver has been forcibly unregistered.
13-Feb-2026 11:45:19.355 INFO [main] org.apache.coyote.AbstractProtocol.stop Stopping ProtocolHandler ["http-nio-8080"]
13-Feb-2026 11:45:19.366 INFO [main] org.apache.coyote.AbstractProtocol.destroy Destroying ProtocolHandler ["http-nio-8080"]
13-Feb-2026 11:45:25.649 INFO [main] org.apache.catalina.startup.VersionLoggerListener.log Server version name:   Apache Tomcat/10.1.18
13-Feb-2026 11:45:25.654 INFO [main] org.apache.catalina.startup.VersionLoggerListener.log Server built:          Jan 5 2024 14:39:40 UTC
13-Feb-2026 11:45:25.655 INFO [main] org.apache.catalina.startup.VersionLoggerListener.log Server version number: 10.1.18.0
13-Feb-2026 11:45:25.655 INFO [main] org.apache.catalina.startup.VersionLoggerListener.log OS Name:               Linux
13-Feb-2026 11:45:25.657 INFO [main] org.apache.catalina.startup.VersionLoggerListener.log OS Version:            6.8.0-1030-azure
13-Feb-2026 11:45:25.658 INFO [main] org.apache.catalina.startup.VersionLoggerListener.log Architecture:          amd64
13-Feb-2026 11:45:25.658 INFO [main] org.apache.catalina.startup.VersionLoggerListener.log Java Home:             /usr/local/sdkman/candidates/java/25.0.1-ms
13-Feb-2026 11:45:25.658 INFO [main] org.apache.catalina.startup.VersionLoggerListener.log JVM Version:           25.0.1+8-LTS
13-Feb-2026 11:45:25.658 INFO [main] org.apache.catalina.startup.VersionLoggerListener.log JVM Vendor:            Microsoft
13-Feb-2026 11:45:25.658 INFO [main] org.apache.catalina.startup.VersionLoggerListener.log CATALINA_BASE:         /workspaces/Adv_JAVA-Assignment/apache-tomcat-10.1.18
13-Feb-2026 11:45:25.658 INFO [main] org.apache.catalina.startup.VersionLoggerListener.log CATALINA_HOME:         /workspaces/Adv_JAVA-Assignment/apache-tomcat-10.1.18
13-Feb-2026 11:45:25.670 INFO [main] org.apache.catalina.startup.VersionLoggerListener.log Command line argument: -Djava.util.logging.config.file=/workspaces/Adv_JAVA-Assignment/apache-tomcat-10.1.18/conf/logging.properties
13-Feb-2026 11:45:25.671 INFO [main] org.apache.catalina.startup.VersionLoggerListener.log Command line argument: -Djava.util.logging.manager=org.apache.juli.ClassLoaderLogManager
13-Feb-2026 11:45:25.671 INFO [main] org.apache.catalina.startup.VersionLoggerListener.log Command line argument: -Djdk.tls.ephemeralDHKeySize=2048
13-Feb-2026 11:45:25.671 INFO [main] org.apache.catalina.startup.VersionLoggerListener.log Command line argument: -Djava.protocol.handler.pkgs=org.apache.catalina.webresources
13-Feb-2026 11:45:25.671 INFO [main] org.apache.catalina.startup.VersionLoggerListener.log Command line argument: -Dorg.apache.catalina.security.SecurityListener.UMASK=0027
13-Feb-2026 11:45:25.671 INFO [main] org.apache.catalina.startup.VersionLoggerListener.log Command line argument: --add-opens=java.base/java.lang=ALL-UNNAMED
13-Feb-2026 11:45:25.671 INFO [main] org.apache.catalina.startup.VersionLoggerListener.log Command line argument: --add-opens=java.base/java.io=ALL-UNNAMED
13-Feb-2026 11:45:25.672 INFO [main] org.apache.catalina.startup.VersionLoggerListener.log Command line argument: --add-opens=java.base/java.util=ALL-UNNAMED
13-Feb-2026 11:45:25.672 INFO [main] org.apache.catalina.startup.VersionLoggerListener.log Command line argument: --add-opens=java.base/java.util.concurrent=ALL-UNNAMED
13-Feb-2026 11:45:25.672 INFO [main] org.apache.catalina.startup.VersionLoggerListener.log Command line argument: --add-opens=java.rmi/sun.rmi.transport=ALL-UNNAMED
13-Feb-2026 11:45:25.673 INFO [main] org.apache.catalina.startup.VersionLoggerListener.log Command line argument: -Dcatalina.base=/workspaces/Adv_JAVA-Assignment/apache-tomcat-10.1.18
13-Feb-2026 11:45:25.673 INFO [main] org.apache.catalina.startup.VersionLoggerListener.log Command line argument: -Dcatalina.home=/workspaces/Adv_JAVA-Assignment/apache-tomcat-10.1.18
13-Feb-2026 11:45:25.674 INFO [main] org.apache.catalina.startup.VersionLoggerListener.log Command line argument: -Djava.io.tmpdir=/workspaces/Adv_JAVA-Assignment/apache-tomcat-10.1.18/temp
13-Feb-2026 11:45:25.680 INFO [main] org.apache.catalina.core.AprLifecycleListener.lifecycleEvent The Apache Tomcat Native library which allows using OpenSSL was not found on the java.library.path: [/usr/java/packages/lib:/usr/lib64:/lib64:/lib:/usr/lib]
13-Feb-2026 11:45:26.142 INFO [main] org.apache.coyote.AbstractProtocol.init Initializing ProtocolHandler ["http-nio-8080"]
13-Feb-2026 11:45:26.176 INFO [main] org.apache.catalina.startup.Catalina.load Server initialization in [760] milliseconds
13-Feb-2026 11:45:26.218 INFO [main] org.apache.catalina.core.StandardService.startInternal Starting service [Catalina]
13-Feb-2026 11:45:26.219 INFO [main] org.apache.catalina.core.StandardEngine.startInternal Starting Servlet engine: [Apache Tomcat/10.1.18]
13-Feb-2026 11:45:26.228 INFO [main] org.apache.catalina.startup.HostConfig.deployDirectory Deploying web application directory [/workspaces/Adv_JAVA-Assignment/apache-tomcat-10.1.18/webapps/docs]
13-Feb-2026 11:45:26.604 INFO [main] org.apache.catalina.startup.HostConfig.deployDirectory Deployment of web application directory [/workspaces/Adv_JAVA-Assignment/apache-tomcat-10.1.18/webapps/docs] has finished in [373] ms
13-Feb-2026 11:45:26.605 INFO [main] org.apache.catalina.startup.HostConfig.deployDirectory Deploying web application directory [/workspaces/Adv_JAVA-Assignment/apache-tomcat-10.1.18/webapps/examples]
13-Feb-2026 11:45:26.894 INFO [main] org.apache.catalina.startup.HostConfig.deployDirectory Deployment of web application directory [/workspaces/Adv_JAVA-Assignment/apache-tomcat-10.1.18/webapps/examples] has finished in [289] ms
13-Feb-2026 11:45:26.895 INFO [main] org.apache.catalina.startup.HostConfig.deployDirectory Deploying web application directory [/workspaces/Adv_JAVA-Assignment/apache-tomcat-10.1.18/webapps/manager]
13-Feb-2026 11:45:26.933 INFO [main] org.apache.catalina.startup.HostConfig.deployDirectory Deployment of web application directory [/workspaces/Adv_JAVA-Assignment/apache-tomcat-10.1.18/webapps/manager] has finished in [38] ms
13-Feb-2026 11:45:26.934 INFO [main] org.apache.catalina.startup.HostConfig.deployDirectory Deploying web application directory [/workspaces/Adv_JAVA-Assignment/apache-tomcat-10.1.18/webapps/host-manager]
13-Feb-2026 11:45:26.955 INFO [main] org.apache.catalina.startup.HostConfig.deployDirectory Deployment of web application directory [/workspaces/Adv_JAVA-Assignment/apache-tomcat-10.1.18/webapps/host-manager] has finished in [21] ms
13-Feb-2026 11:45:26.956 INFO [main] org.apache.catalina.startup.HostConfig.deployDirectory Deploying web application directory [/workspaces/Adv_JAVA-Assignment/apache-tomcat-10.1.18/webapps/BookApp]
13-Feb-2026 11:45:27.094 INFO [main] org.apache.jasper.servlet.TldScanner.scanJars At least one JAR was scanned for TLDs yet contained no TLDs. Enable debug logging for this logger for a complete list of JARs that were scanned but no TLDs were found in them. Skipping unneeded JARs during scanning can improve startup time and JSP compilation time.
13-Feb-2026 11:45:27.104 INFO [main] org.apache.catalina.startup.HostConfig.deployDirectory Deployment of web application directory [/workspaces/Adv_JAVA-Assignment/apache-tomcat-10.1.18/webapps/BookApp] has finished in [148] ms
13-Feb-2026 11:45:27.105 INFO [main] org.apache.catalina.startup.HostConfig.deployDirectory Deploying web application directory [/workspaces/Adv_JAVA-Assignment/apache-tomcat-10.1.18/webapps/ROOT]
13-Feb-2026 11:45:27.127 INFO [main] org.apache.catalina.startup.HostConfig.deployDirectory Deployment of web application directory [/workspaces/Adv_JAVA-Assignment/apache-tomcat-10.1.18/webapps/ROOT] has finished in [22] ms
13-Feb-2026 11:45:27.133 INFO [main] org.apache.coyote.AbstractProtocol.start Starting ProtocolHandler ["http-nio-8080"]
13-Feb-2026 11:45:27.146 INFO [main] org.apache.catalina.startup.Catalina.start Server startup in [967] milliseconds
