20-Feb-2026 10:42:41.932 INFO [main] org.apache.catalina.startup.VersionLoggerListener.log Server version name:   Apache Tomcat/10.1.18
20-Feb-2026 10:42:41.968 INFO [main] org.apache.catalina.startup.VersionLoggerListener.log Server built:          Jan 5 2024 14:39:40 UTC
20-Feb-2026 10:42:41.968 INFO [main] org.apache.catalina.startup.VersionLoggerListener.log Server version number: 10.1.18.0
20-Feb-2026 10:42:41.969 INFO [main] org.apache.catalina.startup.VersionLoggerListener.log OS Name:               Linux
20-Feb-2026 10:42:41.970 INFO [main] org.apache.catalina.startup.VersionLoggerListener.log OS Version:            6.8.0-1030-azure
20-Feb-2026 10:42:41.970 INFO [main] org.apache.catalina.startup.VersionLoggerListener.log Architecture:          amd64
20-Feb-2026 10:42:41.970 INFO [main] org.apache.catalina.startup.VersionLoggerListener.log Java Home:             /usr/local/sdkman/candidates/java/25.0.1-ms
20-Feb-2026 10:42:41.971 INFO [main] org.apache.catalina.startup.VersionLoggerListener.log JVM Version:           25.0.1+8-LTS
20-Feb-2026 10:42:41.971 INFO [main] org.apache.catalina.startup.VersionLoggerListener.log JVM Vendor:            Microsoft
20-Feb-2026 10:42:41.972 INFO [main] org.apache.catalina.startup.VersionLoggerListener.log CATALINA_BASE:         /workspaces/Adv_JAVA-Assignment/apache-tomcat-10.1.18
20-Feb-2026 10:42:41.972 INFO [main] org.apache.catalina.startup.VersionLoggerListener.log CATALINA_HOME:         /workspaces/Adv_JAVA-Assignment/apache-tomcat-10.1.18
20-Feb-2026 10:42:42.160 INFO [main] org.apache.catalina.startup.VersionLoggerListener.log Command line argument: -Djava.util.logging.config.file=/workspaces/Adv_JAVA-Assignment/apache-tomcat-10.1.18/conf/logging.properties
20-Feb-2026 10:42:42.161 INFO [main] org.apache.catalina.startup.VersionLoggerListener.log Command line argument: -Djava.util.logging.manager=org.apache.juli.ClassLoaderLogManager
20-Feb-2026 10:42:42.161 INFO [main] org.apache.catalina.startup.VersionLoggerListener.log Command line argument: -Djdk.tls.ephemeralDHKeySize=2048
20-Feb-2026 10:42:42.161 INFO [main] org.apache.catalina.startup.VersionLoggerListener.log Command line argument: -Djava.protocol.handler.pkgs=org.apache.catalina.webresources
20-Feb-2026 10:42:42.161 INFO [main] org.apache.catalina.startup.VersionLoggerListener.log Command line argument: -Dorg.apache.catalina.security.SecurityListener.UMASK=0027
20-Feb-2026 10:42:42.161 INFO [main] org.apache.catalina.startup.VersionLoggerListener.log Command line argument: --add-opens=java.base/java.lang=ALL-UNNAMED
20-Feb-2026 10:42:42.161 INFO [main] org.apache.catalina.startup.VersionLoggerListener.log Command line argument: --add-opens=java.base/java.io=ALL-UNNAMED
20-Feb-2026 10:42:42.161 INFO [main] org.apache.catalina.startup.VersionLoggerListener.log Command line argument: --add-opens=java.base/java.util=ALL-UNNAMED
20-Feb-2026 10:42:42.162 INFO [main] org.apache.catalina.startup.VersionLoggerListener.log Command line argument: --add-opens=java.base/java.util.concurrent=ALL-UNNAMED
20-Feb-2026 10:42:42.162 INFO [main] org.apache.catalina.startup.VersionLoggerListener.log Command line argument: --add-opens=java.rmi/sun.rmi.transport=ALL-UNNAMED
20-Feb-2026 10:42:42.163 INFO [main] org.apache.catalina.startup.VersionLoggerListener.log Command line argument: -Dcatalina.base=/workspaces/Adv_JAVA-Assignment/apache-tomcat-10.1.18
20-Feb-2026 10:42:42.163 INFO [main] org.apache.catalina.startup.VersionLoggerListener.log Command line argument: -Dcatalina.home=/workspaces/Adv_JAVA-Assignment/apache-tomcat-10.1.18
20-Feb-2026 10:42:42.163 INFO [main] org.apache.catalina.startup.VersionLoggerListener.log Command line argument: -Djava.io.tmpdir=/workspaces/Adv_JAVA-Assignment/apache-tomcat-10.1.18/temp
20-Feb-2026 10:42:42.168 INFO [main] org.apache.catalina.core.AprLifecycleListener.lifecycleEvent The Apache Tomcat Native library which allows using OpenSSL was not found on the java.library.path: [/usr/java/packages/lib:/usr/lib64:/lib64:/lib:/usr/lib]
20-Feb-2026 10:42:42.782 INFO [main] org.apache.coyote.AbstractProtocol.init Initializing ProtocolHandler ["http-nio-8080"]
20-Feb-2026 10:42:42.806 INFO [main] org.apache.catalina.startup.Catalina.load Server initialization in [1239] milliseconds
20-Feb-2026 10:42:42.867 INFO [main] org.apache.catalina.core.StandardService.startInternal Starting service [Catalina]
20-Feb-2026 10:42:42.868 INFO [main] org.apache.catalina.core.StandardEngine.startInternal Starting Servlet engine: [Apache Tomcat/10.1.18]
20-Feb-2026 10:42:42.877 INFO [main] org.apache.catalina.startup.HostConfig.deployDirectory Deploying web application directory [/workspaces/Adv_JAVA-Assignment/apache-tomcat-10.1.18/webapps/docs]
20-Feb-2026 10:42:43.660 INFO [main] org.apache.catalina.startup.HostConfig.deployDirectory Deployment of web application directory [/workspaces/Adv_JAVA-Assignment/apache-tomcat-10.1.18/webapps/docs] has finished in [777] ms
20-Feb-2026 10:42:43.660 INFO [main] org.apache.catalina.startup.HostConfig.deployDirectory Deploying web application directory [/workspaces/Adv_JAVA-Assignment/apache-tomcat-10.1.18/webapps/examples]
20-Feb-2026 10:42:44.341 INFO [main] org.apache.catalina.startup.HostConfig.deployDirectory Deployment of web application directory [/workspaces/Adv_JAVA-Assignment/apache-tomcat-10.1.18/webapps/examples] has finished in [681] ms
20-Feb-2026 10:42:44.341 INFO [main] org.apache.catalina.startup.HostConfig.deployDirectory Deploying web application directory [/workspaces/Adv_JAVA-Assignment/apache-tomcat-10.1.18/webapps/manager]
20-Feb-2026 10:42:44.372 INFO [main] org.apache.catalina.startup.HostConfig.deployDirectory Deployment of web application directory [/workspaces/Adv_JAVA-Assignment/apache-tomcat-10.1.18/webapps/manager] has finished in [31] ms
20-Feb-2026 10:42:44.373 INFO [main] org.apache.catalina.startup.HostConfig.deployDirectory Deploying web application directory [/workspaces/Adv_JAVA-Assignment/apache-tomcat-10.1.18/webapps/host-manager]
20-Feb-2026 10:42:44.398 INFO [main] org.apache.catalina.startup.HostConfig.deployDirectory Deployment of web application directory [/workspaces/Adv_JAVA-Assignment/apache-tomcat-10.1.18/webapps/host-manager] has finished in [25] ms
20-Feb-2026 10:42:44.398 INFO [main] org.apache.catalina.startup.HostConfig.deployDirectory Deploying web application directory [/workspaces/Adv_JAVA-Assignment/apache-tomcat-10.1.18/webapps/BookApp]
20-Feb-2026 10:42:44.613 INFO [main] org.apache.jasper.servlet.TldScanner.scanJars At least one JAR was scanned for TLDs yet contained no TLDs. Enable debug logging for this logger for a complete list of JARs that were scanned but no TLDs were found in them. Skipping unneeded JARs during scanning can improve startup time and JSP compilation time.
20-Feb-2026 10:42:44.625 INFO [main] org.apache.catalina.startup.HostConfig.deployDirectory Deployment of web application directory [/workspaces/Adv_JAVA-Assignment/apache-tomcat-10.1.18/webapps/BookApp] has finished in [226] ms
20-Feb-2026 10:42:44.625 INFO [main] org.apache.catalina.startup.HostConfig.deployDirectory Deploying web application directory [/workspaces/Adv_JAVA-Assignment/apache-tomcat-10.1.18/webapps/ROOT]
20-Feb-2026 10:42:44.641 INFO [main] org.apache.catalina.startup.HostConfig.deployDirectory Deployment of web application directory [/workspaces/Adv_JAVA-Assignment/apache-tomcat-10.1.18/webapps/ROOT] has finished in [16] ms
20-Feb-2026 10:42:44.645 INFO [main] org.apache.coyote.AbstractProtocol.start Starting ProtocolHandler ["http-nio-8080"]
20-Feb-2026 10:42:44.658 INFO [main] org.apache.catalina.startup.Catalina.start Server startup in [1849] milliseconds
20-Feb-2026 10:48:35.056 INFO [main] org.apache.catalina.core.StandardServer.await A valid shutdown command was received via the shutdown port. Stopping the Server instance.
20-Feb-2026 10:48:35.057 INFO [main] org.apache.coyote.AbstractProtocol.pause Pausing ProtocolHandler ["http-nio-8080"]
20-Feb-2026 10:48:35.063 INFO [main] org.apache.catalina.core.StandardService.stopInternal Stopping service [Catalina]
20-Feb-2026 10:48:35.085 WARNING [main] org.apache.catalina.loader.WebappClassLoaderBase.clearReferencesJdbc The web application [BookApp] registered the JDBC driver [org.postgresql.Driver] but failed to unregister it when the web application was stopped. To prevent a memory leak, the JDBC Driver has been forcibly unregistered.
20-Feb-2026 10:48:35.103 INFO [main] org.apache.coyote.AbstractProtocol.stop Stopping ProtocolHandler ["http-nio-8080"]
20-Feb-2026 10:48:35.115 INFO [main] org.apache.coyote.AbstractProtocol.destroy Destroying ProtocolHandler ["http-nio-8080"]
20-Feb-2026 10:48:47.678 INFO [main] org.apache.catalina.startup.VersionLoggerListener.log Server version name:   Apache Tomcat/10.1.18
20-Feb-2026 10:48:47.682 INFO [main] org.apache.catalina.startup.VersionLoggerListener.log Server built:          Jan 5 2024 14:39:40 UTC
20-Feb-2026 10:48:47.682 INFO [main] org.apache.catalina.startup.VersionLoggerListener.log Server version number: 10.1.18.0
20-Feb-2026 10:48:47.683 INFO [main] org.apache.catalina.startup.VersionLoggerListener.log OS Name:               Linux
20-Feb-2026 10:48:47.687 INFO [main] org.apache.catalina.startup.VersionLoggerListener.log OS Version:            6.8.0-1030-azure
20-Feb-2026 10:48:47.689 INFO [main] org.apache.catalina.startup.VersionLoggerListener.log Architecture:          amd64
20-Feb-2026 10:48:47.689 INFO [main] org.apache.catalina.startup.VersionLoggerListener.log Java Home:             /usr/local/sdkman/candidates/java/25.0.1-ms
20-Feb-2026 10:48:47.689 INFO [main] org.apache.catalina.startup.VersionLoggerListener.log JVM Version:           25.0.1+8-LTS
20-Feb-2026 10:48:47.689 INFO [main] org.apache.catalina.startup.VersionLoggerListener.log JVM Vendor:            Microsoft
20-Feb-2026 10:48:47.689 INFO [main] org.apache.catalina.startup.VersionLoggerListener.log CATALINA_BASE:         /workspaces/Adv_JAVA-Assignment/apache-tomcat-10.1.18
20-Feb-2026 10:48:47.689 INFO [main] org.apache.catalina.startup.VersionLoggerListener.log CATALINA_HOME:         /workspaces/Adv_JAVA-Assignment/apache-tomcat-10.1.18
20-Feb-2026 10:48:47.699 INFO [main] org.apache.catalina.startup.VersionLoggerListener.log Command line argument: -Djava.util.logging.config.file=/workspaces/Adv_JAVA-Assignment/apache-tomcat-10.1.18/conf/logging.properties
20-Feb-2026 10:48:47.699 INFO [main] org.apache.catalina.startup.VersionLoggerListener.log Command line argument: -Djava.util.logging.manager=org.apache.juli.ClassLoaderLogManager
20-Feb-2026 10:48:47.700 INFO [main] org.apache.catalina.startup.VersionLoggerListener.log Command line argument: -Djdk.tls.ephemeralDHKeySize=2048
20-Feb-2026 10:48:47.700 INFO [main] org.apache.catalina.startup.VersionLoggerListener.log Command line argument: -Djava.protocol.handler.pkgs=org.apache.catalina.webresources
20-Feb-2026 10:48:47.701 INFO [main] org.apache.catalina.startup.VersionLoggerListener.log Command line argument: -Dorg.apache.catalina.security.SecurityListener.UMASK=0027
20-Feb-2026 10:48:47.701 INFO [main] org.apache.catalina.startup.VersionLoggerListener.log Command line argument: --add-opens=java.base/java.lang=ALL-UNNAMED
20-Feb-2026 10:48:47.701 INFO [main] org.apache.catalina.startup.VersionLoggerListener.log Command line argument: --add-opens=java.base/java.io=ALL-UNNAMED
20-Feb-2026 10:48:47.701 INFO [main] org.apache.catalina.startup.VersionLoggerListener.log Command line argument: --add-opens=java.base/java.util=ALL-UNNAMED
20-Feb-2026 10:48:47.702 INFO [main] org.apache.catalina.startup.VersionLoggerListener.log Command line argument: --add-opens=java.base/java.util.concurrent=ALL-UNNAMED
20-Feb-2026 10:48:47.702 INFO [main] org.apache.catalina.startup.VersionLoggerListener.log Command line argument: --add-opens=java.rmi/sun.rmi.transport=ALL-UNNAMED
20-Feb-2026 10:48:47.703 INFO [main] org.apache.catalina.startup.VersionLoggerListener.log Command line argument: -Dcatalina.base=/workspaces/Adv_JAVA-Assignment/apache-tomcat-10.1.18
20-Feb-2026 10:48:47.705 INFO [main] org.apache.catalina.startup.VersionLoggerListener.log Command line argument: -Dcatalina.home=/workspaces/Adv_JAVA-Assignment/apache-tomcat-10.1.18
20-Feb-2026 10:48:47.705 INFO [main] org.apache.catalina.startup.VersionLoggerListener.log Command line argument: -Djava.io.tmpdir=/workspaces/Adv_JAVA-Assignment/apache-tomcat-10.1.18/temp
20-Feb-2026 10:48:47.708 INFO [main] org.apache.catalina.core.AprLifecycleListener.lifecycleEvent The Apache Tomcat Native library which allows using OpenSSL was not found on the java.library.path: [/usr/java/packages/lib:/usr/lib64:/lib64:/lib:/usr/lib]
20-Feb-2026 10:48:48.158 INFO [main] org.apache.coyote.AbstractProtocol.init Initializing ProtocolHandler ["http-nio-8080"]
20-Feb-2026 10:48:48.188 INFO [main] org.apache.catalina.startup.Catalina.load Server initialization in [771] milliseconds
20-Feb-2026 10:48:48.234 INFO [main] org.apache.catalina.core.StandardService.startInternal Starting service [Catalina]
20-Feb-2026 10:48:48.234 INFO [main] org.apache.catalina.core.StandardEngine.startInternal Starting Servlet engine: [Apache Tomcat/10.1.18]
20-Feb-2026 10:48:48.241 INFO [main] org.apache.catalina.startup.HostConfig.deployDirectory Deploying web application directory [/workspaces/Adv_JAVA-Assignment/apache-tomcat-10.1.18/webapps/docs]
20-Feb-2026 10:48:48.573 INFO [main] org.apache.catalina.startup.HostConfig.deployDirectory Deployment of web application directory [/workspaces/Adv_JAVA-Assignment/apache-tomcat-10.1.18/webapps/docs] has finished in [329] ms
20-Feb-2026 10:48:48.574 INFO [main] org.apache.catalina.startup.HostConfig.deployDirectory Deploying web application directory [/workspaces/Adv_JAVA-Assignment/apache-tomcat-10.1.18/webapps/examples]
20-Feb-2026 10:48:48.875 INFO [main] org.apache.catalina.startup.HostConfig.deployDirectory Deployment of web application directory [/workspaces/Adv_JAVA-Assignment/apache-tomcat-10.1.18/webapps/examples] has finished in [300] ms
20-Feb-2026 10:48:48.876 INFO [main] org.apache.catalina.startup.HostConfig.deployDirectory Deploying web application directory [/workspaces/Adv_JAVA-Assignment/apache-tomcat-10.1.18/webapps/manager]
20-Feb-2026 10:48:48.901 INFO [main] org.apache.catalina.startup.HostConfig.deployDirectory Deployment of web application directory [/workspaces/Adv_JAVA-Assignment/apache-tomcat-10.1.18/webapps/manager] has finished in [26] ms
20-Feb-2026 10:48:48.901 INFO [main] org.apache.catalina.startup.HostConfig.deployDirectory Deploying web application directory [/workspaces/Adv_JAVA-Assignment/apache-tomcat-10.1.18/webapps/host-manager]
20-Feb-2026 10:48:48.930 INFO [main] org.apache.catalina.startup.HostConfig.deployDirectory Deployment of web application directory [/workspaces/Adv_JAVA-Assignment/apache-tomcat-10.1.18/webapps/host-manager] has finished in [29] ms
20-Feb-2026 10:48:48.933 INFO [main] org.apache.catalina.startup.HostConfig.deployDirectory Deploying web application directory [/workspaces/Adv_JAVA-Assignment/apache-tomcat-10.1.18/webapps/BookApp]
20-Feb-2026 10:48:49.105 INFO [main] org.apache.jasper.servlet.TldScanner.scanJars At least one JAR was scanned for TLDs yet contained no TLDs. Enable debug logging for this logger for a complete list of JARs that were scanned but no TLDs were found in them. Skipping unneeded JARs during scanning can improve startup time and JSP compilation time.
20-Feb-2026 10:48:49.116 INFO [main] org.apache.catalina.startup.HostConfig.deployDirectory Deployment of web application directory [/workspaces/Adv_JAVA-Assignment/apache-tomcat-10.1.18/webapps/BookApp] has finished in [183] ms
20-Feb-2026 10:48:49.118 INFO [main] org.apache.catalina.startup.HostConfig.deployDirectory Deploying web application directory [/workspaces/Adv_JAVA-Assignment/apache-tomcat-10.1.18/webapps/ROOT]
20-Feb-2026 10:48:49.141 INFO [main] org.apache.catalina.startup.HostConfig.deployDirectory Deployment of web application directory [/workspaces/Adv_JAVA-Assignment/apache-tomcat-10.1.18/webapps/ROOT] has finished in [23] ms
20-Feb-2026 10:48:49.148 INFO [main] org.apache.coyote.AbstractProtocol.start Starting ProtocolHandler ["http-nio-8080"]
20-Feb-2026 10:48:49.162 INFO [main] org.apache.catalina.startup.Catalina.start Server startup in [972] milliseconds
20-Feb-2026 10:57:19.388 INFO [main] org.apache.catalina.core.StandardServer.await A valid shutdown command was received via the shutdown port. Stopping the Server instance.
20-Feb-2026 10:57:19.389 INFO [main] org.apache.coyote.AbstractProtocol.pause Pausing ProtocolHandler ["http-nio-8080"]
20-Feb-2026 10:57:19.397 INFO [main] org.apache.catalina.core.StandardService.stopInternal Stopping service [Catalina]
20-Feb-2026 10:57:19.416 WARNING [main] org.apache.catalina.loader.WebappClassLoaderBase.clearReferencesJdbc The web application [BookApp] registered the JDBC driver [org.postgresql.Driver] but failed to unregister it when the web application was stopped. To prevent a memory leak, the JDBC Driver has been forcibly unregistered.
20-Feb-2026 10:57:19.436 INFO [main] org.apache.coyote.AbstractProtocol.stop Stopping ProtocolHandler ["http-nio-8080"]
20-Feb-2026 10:57:19.441 INFO [main] org.apache.coyote.AbstractProtocol.destroy Destroying ProtocolHandler ["http-nio-8080"]
20-Feb-2026 10:57:24.400 INFO [main] org.apache.catalina.startup.VersionLoggerListener.log Server version name:   Apache Tomcat/10.1.18
20-Feb-2026 10:57:24.407 INFO [main] org.apache.catalina.startup.VersionLoggerListener.log Server built:          Jan 5 2024 14:39:40 UTC
20-Feb-2026 10:57:24.410 INFO [main] org.apache.catalina.startup.VersionLoggerListener.log Server version number: 10.1.18.0
20-Feb-2026 10:57:24.410 INFO [main] org.apache.catalina.startup.VersionLoggerListener.log OS Name:               Linux
20-Feb-2026 10:57:24.410 INFO [main] org.apache.catalina.startup.VersionLoggerListener.log OS Version:            6.8.0-1030-azure
20-Feb-2026 10:57:24.410 INFO [main] org.apache.catalina.startup.VersionLoggerListener.log Architecture:          amd64
20-Feb-2026 10:57:24.410 INFO [main] org.apache.catalina.startup.VersionLoggerListener.log Java Home:             /usr/local/sdkman/candidates/java/25.0.1-ms
20-Feb-2026 10:57:24.411 INFO [main] org.apache.catalina.startup.VersionLoggerListener.log JVM Version:           25.0.1+8-LTS
20-Feb-2026 10:57:24.411 INFO [main] org.apache.catalina.startup.VersionLoggerListener.log JVM Vendor:            Microsoft
20-Feb-2026 10:57:24.411 INFO [main] org.apache.catalina.startup.VersionLoggerListener.log CATALINA_BASE:         /workspaces/Adv_JAVA-Assignment/apache-tomcat-10.1.18
20-Feb-2026 10:57:24.411 INFO [main] org.apache.catalina.startup.VersionLoggerListener.log CATALINA_HOME:         /workspaces/Adv_JAVA-Assignment/apache-tomcat-10.1.18
20-Feb-2026 10:57:24.426 INFO [main] org.apache.catalina.startup.VersionLoggerListener.log Command line argument: -Djava.util.logging.config.file=/workspaces/Adv_JAVA-Assignment/apache-tomcat-10.1.18/conf/logging.properties
20-Feb-2026 10:57:24.426 INFO [main] org.apache.catalina.startup.VersionLoggerListener.log Command line argument: -Djava.util.logging.manager=org.apache.juli.ClassLoaderLogManager
20-Feb-2026 10:57:24.426 INFO [main] org.apache.catalina.startup.VersionLoggerListener.log Command line argument: -Djdk.tls.ephemeralDHKeySize=2048
20-Feb-2026 10:57:24.427 INFO [main] org.apache.catalina.startup.VersionLoggerListener.log Command line argument: -Djava.protocol.handler.pkgs=org.apache.catalina.webresources
20-Feb-2026 10:57:24.427 INFO [main] org.apache.catalina.startup.VersionLoggerListener.log Command line argument: -Dorg.apache.catalina.security.SecurityListener.UMASK=0027
20-Feb-2026 10:57:24.428 INFO [main] org.apache.catalina.startup.VersionLoggerListener.log Command line argument: --add-opens=java.base/java.lang=ALL-UNNAMED
20-Feb-2026 10:57:24.428 INFO [main] org.apache.catalina.startup.VersionLoggerListener.log Command line argument: --add-opens=java.base/java.io=ALL-UNNAMED
20-Feb-2026 10:57:24.429 INFO [main] org.apache.catalina.startup.VersionLoggerListener.log Command line argument: --add-opens=java.base/java.util=ALL-UNNAMED
20-Feb-2026 10:57:24.430 INFO [main] org.apache.catalina.startup.VersionLoggerListener.log Command line argument: --add-opens=java.base/java.util.concurrent=ALL-UNNAMED
20-Feb-2026 10:57:24.430 INFO [main] org.apache.catalina.startup.VersionLoggerListener.log Command line argument: --add-opens=java.rmi/sun.rmi.transport=ALL-UNNAMED
20-Feb-2026 10:57:24.431 INFO [main] org.apache.catalina.startup.VersionLoggerListener.log Command line argument: -Dcatalina.base=/workspaces/Adv_JAVA-Assignment/apache-tomcat-10.1.18
20-Feb-2026 10:57:24.431 INFO [main] org.apache.catalina.startup.VersionLoggerListener.log Command line argument: -Dcatalina.home=/workspaces/Adv_JAVA-Assignment/apache-tomcat-10.1.18
20-Feb-2026 10:57:24.431 INFO [main] org.apache.catalina.startup.VersionLoggerListener.log Command line argument: -Djava.io.tmpdir=/workspaces/Adv_JAVA-Assignment/apache-tomcat-10.1.18/temp
20-Feb-2026 10:57:24.437 INFO [main] org.apache.catalina.core.AprLifecycleListener.lifecycleEvent The Apache Tomcat Native library which allows using OpenSSL was not found on the java.library.path: [/usr/java/packages/lib:/usr/lib64:/lib64:/lib:/usr/lib]
20-Feb-2026 10:57:24.935 INFO [main] org.apache.coyote.AbstractProtocol.init Initializing ProtocolHandler ["http-nio-8080"]
20-Feb-2026 10:57:24.958 INFO [main] org.apache.catalina.startup.Catalina.load Server initialization in [788] milliseconds
20-Feb-2026 10:57:24.995 INFO [main] org.apache.catalina.core.StandardService.startInternal Starting service [Catalina]
20-Feb-2026 10:57:24.995 INFO [main] org.apache.catalina.core.StandardEngine.startInternal Starting Servlet engine: [Apache Tomcat/10.1.18]
20-Feb-2026 10:57:25.002 INFO [main] org.apache.catalina.startup.HostConfig.deployDirectory Deploying web application directory [/workspaces/Adv_JAVA-Assignment/apache-tomcat-10.1.18/webapps/docs]
20-Feb-2026 10:57:25.397 INFO [main] org.apache.catalina.startup.HostConfig.deployDirectory Deployment of web application directory [/workspaces/Adv_JAVA-Assignment/apache-tomcat-10.1.18/webapps/docs] has finished in [392] ms
20-Feb-2026 10:57:25.398 INFO [main] org.apache.catalina.startup.HostConfig.deployDirectory Deploying web application directory [/workspaces/Adv_JAVA-Assignment/apache-tomcat-10.1.18/webapps/examples]
20-Feb-2026 10:57:25.796 INFO [main] org.apache.catalina.startup.HostConfig.deployDirectory Deployment of web application directory [/workspaces/Adv_JAVA-Assignment/apache-tomcat-10.1.18/webapps/examples] has finished in [398] ms
20-Feb-2026 10:57:25.797 INFO [main] org.apache.catalina.startup.HostConfig.deployDirectory Deploying web application directory [/workspaces/Adv_JAVA-Assignment/apache-tomcat-10.1.18/webapps/manager]
20-Feb-2026 10:57:25.848 INFO [main] org.apache.catalina.startup.HostConfig.deployDirectory Deployment of web application directory [/workspaces/Adv_JAVA-Assignment/apache-tomcat-10.1.18/webapps/manager] has finished in [51] ms
20-Feb-2026 10:57:25.849 INFO [main] org.apache.catalina.startup.HostConfig.deployDirectory Deploying web application directory [/workspaces/Adv_JAVA-Assignment/apache-tomcat-10.1.18/webapps/host-manager]
20-Feb-2026 10:57:25.878 INFO [main] org.apache.catalina.startup.HostConfig.deployDirectory Deployment of web application directory [/workspaces/Adv_JAVA-Assignment/apache-tomcat-10.1.18/webapps/host-manager] has finished in [29] ms
20-Feb-2026 10:57:25.878 INFO [main] org.apache.catalina.startup.HostConfig.deployDirectory Deploying web application directory [/workspaces/Adv_JAVA-Assignment/apache-tomcat-10.1.18/webapps/BookApp]
20-Feb-2026 10:57:26.084 INFO [main] org.apache.jasper.servlet.TldScanner.scanJars At least one JAR was scanned for TLDs yet contained no TLDs. Enable debug logging for this logger for a complete list of JARs that were scanned but no TLDs were found in them. Skipping unneeded JARs during scanning can improve startup time and JSP compilation time.
20-Feb-2026 10:57:26.099 INFO [main] org.apache.catalina.startup.HostConfig.deployDirectory Deployment of web application directory [/workspaces/Adv_JAVA-Assignment/apache-tomcat-10.1.18/webapps/BookApp] has finished in [221] ms
20-Feb-2026 10:57:26.100 INFO [main] org.apache.catalina.startup.HostConfig.deployDirectory Deploying web application directory [/workspaces/Adv_JAVA-Assignment/apache-tomcat-10.1.18/webapps/ROOT]
20-Feb-2026 10:57:26.137 INFO [main] org.apache.catalina.startup.HostConfig.deployDirectory Deployment of web application directory [/workspaces/Adv_JAVA-Assignment/apache-tomcat-10.1.18/webapps/ROOT] has finished in [37] ms
20-Feb-2026 10:57:26.144 INFO [main] org.apache.coyote.AbstractProtocol.start Starting ProtocolHandler ["http-nio-8080"]
20-Feb-2026 10:57:26.160 INFO [main] org.apache.catalina.startup.Catalina.start Server startup in [1200] milliseconds
